<html>
<body>
<pre>
<h1>µVision Build Log</h1>
<h2>Project:</h2>
C:\Users\Allen Pan\Desktop\EE445L\Lab4\getWeather.uvproj
Project File Date:  10/03/2017

<h2>Output:</h2>
Build target 'getWeather'
compiling main.c...
linking...
Program Size: Code=17732 RO-data=3844 RW-data=104 ZI-data=20424  
After Build - User command #1: fromelf --bin --output .\rvmdk\cc31000_starter.bin .\rvmdk\cc31000_starter.axf
".\rvmdk\getWeather.axf" - 0 Error(s), 0 Warning(s).
Load "C:\\Users\\Allen Pan\\Desktop\\EE445L\\Lab4\\rvmdk\\getWeather.axf" 
Connecting: Mode=JTAG, Speed=1000000Hz
Erase Done.
Programming Done.
Verify OK.
</pre>
</body>
</html>
\\Desktop\\EE445L\\Lab4\\rvmdk\\getWeather.axf" 
Connecting: Mode=JTAG, Speed=1000000Hz
Erase Done.
Programming Done.
Verify OK.
llen Pan\\Desktop\\EE445L\\Lab4\\rvmdk\\getWeather.axf" 
Connecting: Mode=JTAG, Speed=1000000Hz
Erase Done.
Programming Done.
Verify OK.
