ARM Linker, 5.03 [Build 76] [MDK-ARM Professional]

==============================================================================

Section Cross References

    st7735.o(i.Output_Clear) refers to st7735.o(i.ST7735_FillScreen) for ST7735_FillScreen
    st7735.o(i.Output_Color) refers to st7735.o(i.ST7735_SetTextColor) for ST7735_SetTextColor
    st7735.o(i.Output_Init) refers to st7735.o(i.ST7735_InitR) for ST7735_InitR
    st7735.o(i.Output_Init) refers to st7735.o(i.ST7735_FillScreen) for ST7735_FillScreen
    st7735.o(i.Output_Off) refers to st7735.o(i.Output_Clear) for Output_Clear
    st7735.o(i.Output_On) refers to st7735.o(i.Output_Init) for Output_Init
    st7735.o(i.ST7735_DrawBitmap) refers to st7735.o(i.setAddrWindow) for setAddrWindow
    st7735.o(i.ST7735_DrawBitmap) refers to st7735.o(i.writedata) for writedata
    st7735.o(i.ST7735_DrawBitmap) refers to st7735.o(.data) for _width
    st7735.o(i.ST7735_DrawChar) refers to st7735.o(i.setAddrWindow) for setAddrWindow
    st7735.o(i.ST7735_DrawChar) refers to st7735.o(i.pushColor) for pushColor
    st7735.o(i.ST7735_DrawChar) refers to st7735.o(.data) for _width
    st7735.o(i.ST7735_DrawChar) refers to st7735.o(.constdata) for Font
    st7735.o(i.ST7735_DrawCharS) refers to st7735.o(i.ST7735_DrawPixel) for ST7735_DrawPixel
    st7735.o(i.ST7735_DrawCharS) refers to st7735.o(i.ST7735_FillRect) for ST7735_FillRect
    st7735.o(i.ST7735_DrawCharS) refers to st7735.o(.data) for _width
    st7735.o(i.ST7735_DrawCharS) refers to st7735.o(.constdata) for Font
    st7735.o(i.ST7735_DrawFastHLine) refers to st7735.o(i.setAddrWindow) for setAddrWindow
    st7735.o(i.ST7735_DrawFastHLine) refers to st7735.o(i.writedata) for writedata
    st7735.o(i.ST7735_DrawFastHLine) refers to st7735.o(.data) for _width
    st7735.o(i.ST7735_DrawFastVLine) refers to st7735.o(i.setAddrWindow) for setAddrWindow
    st7735.o(i.ST7735_DrawFastVLine) refers to st7735.o(i.writedata) for writedata
    st7735.o(i.ST7735_DrawFastVLine) refers to st7735.o(.data) for _width
    st7735.o(i.ST7735_DrawPixel) refers to st7735.o(i.setAddrWindow) for setAddrWindow
    st7735.o(i.ST7735_DrawPixel) refers to st7735.o(i.pushColor) for pushColor
    st7735.o(i.ST7735_DrawPixel) refers to st7735.o(.data) for _width
    st7735.o(i.ST7735_DrawString) refers to st7735.o(i.ST7735_DrawCharS) for ST7735_DrawCharS
    st7735.o(i.ST7735_FillRect) refers to st7735.o(i.setAddrWindow) for setAddrWindow
    st7735.o(i.ST7735_FillRect) refers to st7735.o(i.writedata) for writedata
    st7735.o(i.ST7735_FillRect) refers to st7735.o(.data) for _width
    st7735.o(i.ST7735_FillScreen) refers to st7735.o(i.ST7735_FillRect) for ST7735_FillRect
    st7735.o(i.ST7735_FillScreen) refers to st7735.o(.data) for _height
    st7735.o(i.ST7735_InitB) refers to st7735.o(i.commonInit) for commonInit
    st7735.o(i.ST7735_InitB) refers to st7735.o(i.ST7735_SetCursor) for ST7735_SetCursor
    st7735.o(i.ST7735_InitB) refers to st7735.o(i.ST7735_FillScreen) for ST7735_FillScreen
    st7735.o(i.ST7735_InitB) refers to st7735.o(.constdata) for Bcmd
    st7735.o(i.ST7735_InitB) refers to st7735.o(.data) for StTextColor
    st7735.o(i.ST7735_InitR) refers to st7735.o(i.commonInit) for commonInit
    st7735.o(i.ST7735_InitR) refers to st7735.o(i.commandList) for commandList
    st7735.o(i.ST7735_InitR) refers to st7735.o(i.writecommand) for writecommand
    st7735.o(i.ST7735_InitR) refers to st7735.o(i.writedata) for writedata
    st7735.o(i.ST7735_InitR) refers to st7735.o(i.ST7735_SetCursor) for ST7735_SetCursor
    st7735.o(i.ST7735_InitR) refers to st7735.o(i.ST7735_FillScreen) for ST7735_FillScreen
    st7735.o(i.ST7735_InitR) refers to st7735.o(.constdata) for Rcmd1
    st7735.o(i.ST7735_InitR) refers to st7735.o(.data) for ColStart
    st7735.o(i.ST7735_InvertDisplay) refers to st7735.o(i.writecommand) for writecommand
    st7735.o(i.ST7735_OutChar) refers to st7735.o(i.ST7735_DrawString) for ST7735_DrawString
    st7735.o(i.ST7735_OutChar) refers to st7735.o(i.ST7735_DrawCharS) for ST7735_DrawCharS
    st7735.o(i.ST7735_OutChar) refers to st7735.o(.data) for StY
    st7735.o(i.ST7735_OutString) refers to st7735.o(i.ST7735_OutChar) for ST7735_OutChar
    st7735.o(i.ST7735_OutUDec) refers to st7735.o(i.fillmessage) for fillmessage
    st7735.o(i.ST7735_OutUDec) refers to st7735.o(i.ST7735_DrawString) for ST7735_DrawString
    st7735.o(i.ST7735_OutUDec) refers to st7735.o(i.ST7735_DrawCharS) for ST7735_DrawCharS
    st7735.o(i.ST7735_OutUDec) refers to st7735.o(.data) for Messageindex
    st7735.o(i.ST7735_OutUDec) refers to st7735.o(.bss) for Message
    st7735.o(i.ST7735_PlotBar) refers to st7735.o(i.ST7735_DrawFastVLine) for ST7735_DrawFastVLine
    st7735.o(i.ST7735_PlotBar) refers to st7735.o(.data) for Ymin
    st7735.o(i.ST7735_PlotClear) refers to st7735.o(i.ST7735_Color565) for ST7735_Color565
    st7735.o(i.ST7735_PlotClear) refers to st7735.o(i.ST7735_FillRect) for ST7735_FillRect
[...]
    st7735.o(i.commonInit) refers to st7735.o(.data) for RowStart
    st7735.o(i.fillmessage) refers to st7735.o(.bss) for Message
    st7735.o(i.fillmessage) refers to st7735.o(.data) for Messageindex
    st7735.o(i.fputc) refers to st7735.o(i.ST7735_OutChar) for ST7735_OutChar
    st7735.o(i.pushColor) refers to st7735.o(i.writedata) for writedata
    st7735.o(i.setAddrWindow) refers to st7735.o(i.writecommand) for writecommand
    st7735.o(i.setAddrWindow) refers to st7735.o(i.writedata) for writedata
    st7735.o(i.setAddrWindow) refers to st7735.o(.data) for ColStart
    speaker.o(i.Music_ChangeIntrument) refers to st7735.o(i.Output_Clear) for Output_Clear
    speaker.o(i.Music_ChangeIntrument) refers to st7735.o(i.ST7735_DrawString) for ST7735_DrawString
    speaker.o(i.Music_ChangeIntrument) refers to speaker.o(.data) for curInstrument
    speaker.o(i.Music_Pause) refers to timer.o(i.Timer2A_Disarm) for Timer2A_Disarm
    speaker.o(i.Music_Pause) refers to timer.o(i.Timer3A_Disarm) for Timer3A_Disarm
    speaker.o(i.Music_Pause) refers to speaker.o(.data) for musicPlaying
    speaker.o(i.Music_Play) refers to timer.o(i.Timer2A_Arm) for Timer2A_Arm
    speaker.o(i.Music_Play) refers to timer.o(i.Timer3A_Arm) for Timer3A_Arm
    speaker.o(i.Music_Play) refers to speaker.o(.data) for musicPlaying
    speaker.o(i.Music_Rewind) refers to speaker.o(i.Music_Pause) for Music_Pause
    speaker.o(i.Music_Rewind) refers to speaker.o(i.getNoteDuration) for getNoteDuration
    speaker.o(i.Music_Rewind) refers to timer.o(i.Timer2A_Period) for Timer2A_Period
    speaker.o(i.Music_Rewind) refers to timer.o(i.Timer3A_Period) for Timer3A_Period
    speaker.o(i.Music_Rewind) refers to speaker.o(i.Music_Play) for Music_Play
    speaker.o(i.Music_Rewind) refers to speaker.o(.data) for song
    speaker.o(i.Speaker_Init) refers to speaker.o(i.getNoteDuration) for getNoteDuration
    speaker.o(i.Speaker_Init) refers to timer.o(i.Timer2A_Init) for Timer2A_Init
    speaker.o(i.Speaker_Init) refers to timer.o(i.Timer3A_Init) for Timer3A_Init
    speaker.o(i.Speaker_Init) refers to speaker.o(.data) for song
    speaker.o(i.Speaker_Init) refers to speaker.o(i.melody_handler) for melody_handler
    speaker.o(i.Speaker_Init) refers to speaker.o(i.harmony_handler) for harmony_handler
    speaker.o(i.getNoteDuration) refers to speaker.o(i.getBeatDuration) for getBeatDuration
    speaker.o(i.harmony_handler) refers to dac.o(i.DAC_Out) for DAC_Out
    speaker.o(i.harmony_handler) refers to speaker.o(i.getNoteDuration) for getNoteDuration
    speaker.o(i.harmony_handler) refers to timer.o(i.Timer3A_Disarm) for Timer3A_Disarm
    speaker.o(i.harmony_handler) refers to timer.o(i.Timer3A_Period) for Timer3A_Period
    speaker.o(i.harmony_handler) refers to speaker.o(.data) for song
    speaker.o(i.melody_handler) refers to dac.o(i.DAC_Out) for DAC_Out
    speaker.o(i.melody_handler) refers to speaker.o(i.getNoteDuration) for getNoteDuration
    speaker.o(i.melody_handler) refers to timer.o(i.Timer2A_Disarm) for Timer2A_Disarm
    speaker.o(i.melody_handler) refers to timer.o(i.Timer2A_Period) for Timer2A_Period
    speaker.o(i.melody_handler) refers to speaker.o(.data) for song
    speaker.o(.data) refers to speaker.o(.constdata) for Wave
    speaker.o(.data) refers to speaker.o(.conststring) for .conststring
    button.o(i.Button_Init) refers to button.o(i.PortF_Init) for PortF_Init
    button.o(i.Button_Init) refers to button.o(i.EdgeInterrupt_Init) for EdgeInterrupt_Init
    button.o(i.EdgeInterrupt_Init) refers to button.o(.data) for last4
    button.o(i.GPIOPortF_Handler) refers to button.o(i.Timer0Arm) for Timer0Arm
    button.o(i.GPIOPortF_Handler) refers to button.o(.data) for last4
    button.o(i.Timer0A_Handler) refers to button.o(.data) for last4
    timer.o(i.Timer1A_Handler) refers to timer.o(.data) for Task1
    timer.o(i.Timer1A_Init) refers to startup.o(.text) for StartCritical
    timer.o(i.Timer1A_Init) refers to timer.o(.data) for Task1
    timer.o(i.Timer2A_Handler) refers to timer.o(.data) for Task2
    timer.o(i.Timer2A_Init) refers to startup.o(.text) for StartCritical
    timer.o(i.Timer2A_Init) refers to timer.o(.data) for Task2
    timer.o(i.Timer3A_Handler) refers to timer.o(.data) for Task3
    timer.o(i.Timer3A_Init) refers to startup.o(.text) for StartCritical
    timer.o(i.Timer3A_Init) refers to timer.o(.data) for Task3
    motiondetect.o(i.MotionDetect_Init) refers to motiondetect.o(i.UART_Init) for UART_Init
    motiondetect.o(i.MotionDetect_Init) refers to serial.o(i.Serial_OutString) for Serial_OutString
    motiondetect.o(i.MotionDetect_Init) refers to motiondetect.o(i.reset) for reset
    motiondetect.o(i.TVoff) refers to motiondetect.o(i.flush) for flush
    motiondetect.o(i.TVoff) refers to motiondetect.o(i.sendCommand) for sendCommand
    motiondetect.o(i.TVoff) refers to motiondetect.o(i.readResponse) for readResponse
    motiondetect.o(i.TVoff) refers to motiondetect.o(i.verifyResponse) for verifyResponse
    motiondetect.o(i.TVon) refers to motiondetect.o(i.flush) for flush
    motiondetect.o(i.TVon) refers to motiondetect.o(i.sendCommand) for sendCommand
    motiondetect.o(i.TVon) refers to motiondetect.o(i.readResponse) for readResponse
    motiondetect.o(i.TVon) refers to motiondetect.o(i.verifyResponse) for verifyResponse
    motiondetect.o(i.UART_OutChar) refers to serial.o(i.Serial_OutUHex) for Serial_OutUHex
    motiondetect.o(i.UART_OutChar) refers to serial.o(i.Serial_OutString) for Serial_OutString
    motiondetect.o(i.flush) refers to motiondetect.o(i.readResponse) for readResponse
    motiondetect.o(i.getMotionDetect) refers to motiondetect.o(i.flush) for flush
    motiondetect.o(i.getMotionDetect) refers to motiondetect.o(i.sendCommand) for sendCommand
    motiondetect.o(i.getMotionDetect) refers to motiondetect.o(i.readResponse) for readResponse
    motiondetect.o(i.getMotionDetect) refers to motiondetect.o(i.verifyResponse) for verifyResponse
    motiondetect.o(i.getMotionDetect) refers to motiondetect.o(.bss) for cameraBuff
    motiondetect.o(i.motionDetected) refers to motiondetect.o(i.readResponse) for readResponse
    motiondetect.o(i.motionDetected) refers to motiondetect.o(i.verifyResponse) for verifyResponse
    motiondetect.o(i.printBuff) refers to serial.o(i.Serial_OutUHex) for Serial_OutUHex
    motiondetect.o(i.printBuff) refers to serial.o(i.Serial_OutString) for Serial_OutString
    motiondetect.o(i.printBuff) refers to motiondetect.o(.bss) for cameraBuff
    motiondetect.o(i.printBuff) refers to motiondetect.o(.data) for bufferLen
    motiondetect.o(i.readResponse) refers to motiondetect.o(i.DelayWait1ms) for DelayWait1ms
    motiondetect.o(i.readResponse) refers to motiondetect.o(.data) for bufferLen
    motiondetect.o(i.readResponse) refers to motiondetect.o(.bss) for cameraBuff
    motiondetect.o(i.reset) refers to motiondetect.o(i.flush) for flush
    motiondetect.o(i.reset) refers to motiondetect.o(i.sendCommand) for sendCommand
    motiondetect.o(i.reset) refers to motiondetect.o(i.readResponse) for readResponse
    motiondetect.o(i.reset) refers to motiondetect.o(i.verifyResponse) for verifyResponse
    motiondetect.o(i.sendCommand) refers to motiondetect.o(i.UART_OutChar) for UART_OutChar
    motiondetect.o(i.sendCommand) refers to motiondetect.o(.data) for serialNum
    motiondetect.o(i.setMotionDetect) refers to motiondetect.o(i.setMotionStatus) for setMotionStatus
    motiondetect.o(i.setMotionDetect) refers to motiondetect.o(i.flush) for flush
    motiondetect.o(i.setMotionDetect) refers to motiondetect.o(i.sendCommand) for sendCommand
    motiondetect.o(i.setMotionDetect) refers to motiondetect.o(i.readResponse) for readResponse
    motiondetect.o(i.setMotionDetect) refers to motiondetect.o(i.verifyResponse) for verifyResponse
    motiondetect.o(i.setMotionStatus) refers to motiondetect.o(i.flush) for flush
    motiondetect.o(i.setMotionStatus) refers to st7735.o(i.ST7735_OutString) for ST7735_OutString
    motiondetect.o(i.setMotionStatus) refers to st7735.o(i.ST7735_OutUDec) for ST7735_OutUDec
    motiondetect.o(i.setMotionStatus) refers to motiondetect.o(i.sendCommand) for sendCommand
    motiondetect.o(i.setMotionStatus) refers to motiondetect.o(i.readResponse) for readResponse
    motiondetect.o(i.setMotionStatus) refers to motiondetect.o(i.verifyResponse) for verifyResponse
    motiondetect.o(i.setMotionStatus) refers to motiondetect.o(.data) for bufferLen
    motiondetect.o(i.verifyResponse) refers to motiondetect.o(.bss) for cameraBuff
    motiondetect.o(i.verifyResponse) refers to motiondetect.o(.data) for serialNum
    startup.o(STACK) refers (Special) to heapauxi.o(.text) for __use_two_region_memory
    startup.o(HEAP) refers (Special) to heapauxi.o(.text) for __use_two_region_memory
    startup.o(RESET) refers (Special) to heapauxi.o(.text) for __use_two_region_memory
    startup.o(RESET) refers to startup.o(STACK) for StackMem
    startup.o(RESET) refers to button.o(i.Timer0A_Handler) for Timer0A_Handler
    startup.o(RESET) refers to timer.o(i.Timer1A_Handler) for Timer1A_Handler
    startup.o(RESET) refers to timer.o(i.Timer2A_Handler) for Timer2A_Handler
    startup.o(RESET) refers to button.o(i.GPIOPortF_Handler) for GPIOPortF_Handler
    startup.o(RESET) refers to timer.o(i.Timer3A_Handler) for Timer3A_Handler
    startup.o(RESET) refers to __main.o(!!!main) for __main
    startup.o(.text) refers (Special) to heapauxi.o(.text) for __use_two_region_memory
    startup.o(.text) refers to startup.o(HEAP) for HeapMem
    startup.o(.text) refers to startup.o(STACK) for StackMem
    serial.o(i.Serial_OutString) refers to serial.o(i.Serial_OutChar) for Serial_OutChar
    serial.o(i.Serial_OutUDec) refers to serial.o(i.Serial_OutChar) for Serial_OutChar
    serial.o(i.Serial_OutUHex) refers to serial.o(i.Serial_OutChar) for Serial_OutChar
    microphone.o(i.Microphone_Init) refers to microphone.o(i.ADC0_InitSWTriggerSeq3_Ch11) for ADC0_InitSWTriggerSeq3_Ch11
    microphone.o(i.Microphone_Init) refers to timer.o(i.Timer1A_Init) for Timer1A_Init
    microphone.o(i.Microphone_Init) refers to microphone.o(i.Microphone_Sample) for Microphone_Sample
    microphone.o(i.Microphone_Sample) refers to microphone.o(i.ADC0_InSeq3) for ADC0_InSeq3
    microphone.o(i.Microphone_Sample) refers to microphone.o(.data) for voiceVal
    keypad.o(i.Keypad_Init) refers to keypad.o(i.PortE_Init) for PortE_Init
    keypad.o(i.getPins) refers to keypad.o(i.DelayWait10ms) for DelayWait10ms
    keypad.o(i.getPins) refers to keypad.o(i.ShortWait) for ShortWait
    keypad.o(i.isPassCode) refers to keypad.o(.data) for lockCode
    keypad.o(i.setPassCode) refers to keypad.o(.data) for lockCode
    servo.o(i.Servo_Init) refers to servo.o(i.PWM0A_Init) for PWM0A_Init
    servo.o(i.doorLock) refers to servo.o(i.PWM0A_Duty) for PWM0A_Duty
    servo.o(i.doorUnlock) refers to servo.o(i.PWM0A_Duty) for PWM0A_Duty
    main.o(i.main) refers to pll.o(i.PLL_Init) for PLL_Init
    main.o(i.main) refers to st7735.o(i.ST7735_InitR) for ST7735_InitR
    main.o(i.main) refers to microphone.o(i.Microphone_Init) for Microphone_Init
    main.o(i.main) refers to keypad.o(i.Keypad_Init) for Keypad_Init
    main.o(i.main) refers to servo.o(i.Servo_Init) for Servo_Init
    main.o(i.main) refers to serial.o(i.Serial_Init) for Serial_Init
    main.o(i.main) refers to dac.o(i.DAC_Init) for DAC_Init
    main.o(i.main) refers to startup.o(.text) for EnableInterrupts
    main.o(i.main) refers to rt_memclr_w.o(.text) for __aeabi_memclr4
    main.o(i.main) refers to st7735.o(i.ST7735_FillScreen) for ST7735_FillScreen
    main.o(i.main) refers to st7735.o(i.ST7735_SetCursor) for ST7735_SetCursor
    main.o(i.main) refers to st7735.o(i.ST7735_OutString) for ST7735_OutString
    main.o(i.main) refers to keypad.o(i.getPins) for getPins
    main.o(i.main) refers to keypad.o(i.whichPin) for whichPin
    main.o(i.main) refers to keypad.o(i.setPassCode) for setPassCode
    main.o(i.main) refers to servo.o(i.doorLock) for doorLock
    main.o(i.main) refers to st7735.o(i.ST7735_OutChar) for ST7735_OutChar
    main.o(i.main) refers to keypad.o(i.isPassCode) for isPassCode
    main.o(i.main) refers to servo.o(i.doorUnlock) for doorUnlock
    main.o(i.main) refers to speaker.o(i.Music_Play) for Music_Play
    main.o(i.main) refers to main.o(.data) for curStage
    main.o(.data) refers to main.o(.conststring) for .conststring
    __main.o(!!!main) refers to rtentry.o(.ARM.Collect$$rtentry$$00000000) for __rt_entry
    rtentry.o(.ARM.Collect$$rtentry$$00000000) refers (Special) to rtentry2.o(.ARM.Collect$$rtentry$$0000000A) for __rt_entry_li
    rtentry.o(.ARM.Collect$$rtentry$$00000000) refers (Special) to rtentry2.o(.ARM.Collect$$rtentry$$0000000D) for __rt_entry_main
    rtentry.o(.ARM.Collect$$rtentry$$00000000) refers (Special) to rtentry2.o(.ARM.Collect$$rtentry$$0000000C) for __rt_entry_postli_1
    rtentry.o(.ARM.Collect$$rtentry$$00000000) refers (Special) to rtentry2.o(.ARM.Collect$$rtentry$$00000009) for __rt_entry_postsh_1
    rtentry.o(.ARM.Collect$$rtentry$$00000000) refers (Special) to rtentry2.o(.ARM.Collect$$rtentry$$00000002) for __rt_entry_presh_1
    rtentry.o(.ARM.Collect$$rtentry$$00000000) refers (Special) to rtentry4.o(.ARM.Collect$$rtentry$$00000004) for __rt_entry_sh
    rtentry2.o(.ARM.Collect$$rtentry$$00000008) refers to boardinit2.o(.text) for _platform_post_stackheap_init
    rtentry2.o(.ARM.Collect$$rtentry$$0000000A) refers to libinit.o(.ARM.Collect$$libinit$$00000000) for __rt_lib_init
    rtentry2.o(.ARM.Collect$$rtentry$$0000000B) refers to boardinit3.o(.text) for _platform_post_lib_init
    rtentry2.o(.ARM.Collect$$rtentry$$0000000D) refers to main.o(i.main) for main
    rtentry2.o(.ARM.Collect$$rtentry$$0000000D) refers to exit.o(.text) for exit
    rtentry2.o(.ARM.exidx) refers to rtentry2.o(.ARM.Collect$$rtentry$$00000001) for .ARM.Collect$$rtentry$$00000001
    rtentry2.o(.ARM.exidx) refers to rtentry2.o(.ARM.Collect$$rtentry$$00000008) for .ARM.Collect$$rtentry$$00000008
    rtentry2.o(.ARM.exidx) refers to rtentry2.o(.ARM.Collect$$rtentry$$0000000A) for .ARM.Collect$$rtentry$$0000000A
    rtentry2.o(.ARM.exidx) refers to rtentry2.o(.ARM.Collect$$rtentry$$0000000B) for .ARM.Collect$$rtentry$$0000000B
    rtentry2.o(.ARM.exidx) refers to rtentry2.o(.ARM.Collect$$rtentry$$0000000D) for .ARM.Collect$$rtentry$$0000000D
    rtentry4.o(.ARM.Collect$$rtentry$$00000004) refers to sys_stackheap_outer.o(.text) for __user_setup_stackheap
    rtentry4.o(.ARM.exidx) refers to rtentry4.o(.ARM.Collect$$rtentry$$00000004) for .ARM.Collect$$rtentry$$00000004
    sys_stackheap_outer.o(.text) refers to libspace.o(.text) for __user_perproc_libspace
    sys_stackheap_outer.o(.text) refers to startup.o(.text) for __user_initial_stackheap
    exit.o(.text) refers to rtexit.o(.ARM.Collect$$rtexit$$00000000) for __rt_exit
    libinit.o(.ARM.Collect$$libinit$$00000000) refers (Special) to libinit2.o(.ARM.Collect$$libinit$$0000002C) for __rt_lib_init_alloca_1
    libinit.o(.ARM.Collect$$libinit$$00000000) refers (Special) to libinit2.o(.ARM.Collect$$libinit$$0000002A) for __rt_lib_init_argv_1
    libinit.o(.ARM.Collect$$libinit$$00000000) refers (Special) to libinit2.o(.ARM.Collect$$libinit$$00000019) for __rt_lib_init_atexit_1
    libinit.o(.ARM.Collect$$libinit$$00000000) refers (Special) to libinit2.o(.ARM.Collect$$libinit$$0000001F) for __rt_lib_init_clock_1
    libinit.o(.ARM.Collect$$libinit$$00000000) refers (Special) to libinit2.o(.ARM.Collect$$libinit$$00000030) for __rt_lib_init_cpp_1
    libinit.o(.ARM.Collect$$libinit$$00000000) refers (Special) to libinit2.o(.ARM.Collect$$libinit$$0000002E) for __rt_lib_init_exceptions_1
    libinit.o(.ARM.Collect$$libinit$$00000000) refers (Special) to libinit2.o(.ARM.Collect$$libinit$$00000002) for __rt_lib_init_fp_1
    libinit.o(.ARM.Collect$$libinit$$00000000) refers (Special) to libinit2.o(.ARM.Collect$$libinit$$0000001D) for __rt_lib_init_fp_trap_1
    libinit.o(.ARM.Collect$$libinit$$00000000) refers (Special) to libinit2.o(.ARM.Collect$$libinit$$00000021) for __rt_lib_init_getenv_1
    libinit.o(.ARM.Collect$$libinit$$00000000) refers (Special) to libinit2.o(.ARM.Collect$$libinit$$00000008) for __rt_lib_init_heap_1
    libinit.o(.ARM.Collect$$libinit$$00000000) refers (Special) to libinit2.o(.ARM.Collect$$libinit$$0000000F) for __rt_lib_init_lc_collate_1
    libinit.o(.ARM.Collect$$libinit$$00000000) refers (Special) to libinit2.o(.ARM.Collect$$libinit$$00000011) for __rt_lib_init_lc_ctype_1
    libinit.o(.ARM.Collect$$libinit$$00000000) refers (Special) to libinit2.o(.ARM.Collect$$libinit$$00000013) for __rt_lib_init_lc_monetary_1
    libinit.o(.ARM.Collect$$libinit$$00000000) refers (Special) to libinit2.o(.ARM.Collect$$libinit$$00000015) for __rt_lib_init_lc_numeric_1
    libinit.o(.ARM.Collect$$libinit$$00000000) refers (Special) to libinit2.o(.ARM.Collect$$libinit$$00000017) for __rt_lib_init_lc_time_1
    libinit.o(.ARM.Collect$$libinit$$00000000) refers (Special) to libinit2.o(.ARM.Collect$$libinit$$0000000C) for __rt_lib_init_rand_1
    libinit.o(.ARM.Collect$$libinit$$00000000) refers (Special) to libinit2.o(.ARM.Collect$$libinit$$00000031) for __rt_lib_init_return
    libinit.o(.ARM.Collect$$libinit$$00000000) refers (Special) to libinit2.o(.ARM.Collect$$libinit$$0000001B) for __rt_lib_init_signal_1
    libinit.o(.ARM.Collect$$libinit$$00000000) refers (Special) to libinit2.o(.ARM.Collect$$libinit$$00000023) for __rt_lib_init_stdio_1
    libinit.o(.ARM.Collect$$libinit$$00000000) refers (Special) to libinit2.o(.ARM.Collect$$libinit$$0000000A) for __rt_lib_init_user_alloc_1
    libspace.o(.text) refers to libspace.o(.bss) for __libspace_start
    rtexit.o(.ARM.Collect$$rtexit$$00000000) refers (Special) to rtexit2.o(.ARM.Collect$$rtexit$$00000004) for __rt_exit_exit
    rtexit.o(.ARM.Collect$$rtexit$$00000000) refers (Special) to rtexit2.o(.ARM.Collect$$rtexit$$00000003) for __rt_exit_ls
    rtexit.o(.ARM.Collect$$rtexit$$00000000) refers (Special) to rtexit2.o(.ARM.Collect$$rtexit$$00000002) for __rt_exit_prels_1
    rtexit.o(.ARM.exidx) refers (Special) to rtexit2.o(.ARM.Collect$$rtexit$$00000004) for __rt_exit_exit
    rtexit.o(.ARM.exidx) refers (Special) to rtexit2.o(.ARM.Collect$$rtexit$$00000003) for __rt_exit_ls
    rtexit.o(.ARM.exidx) refers (Special) to rtexit2.o(.ARM.Collect$$rtexit$$00000002) for __rt_exit_prels_1
    rtexit.o(.ARM.exidx) refers to rtexit.o(.ARM.Collect$$rtexit$$00000000) for .ARM.Collect$$rtexit$$00000000
    libinit2.o(.ARM.Collect$$libinit$$0000000E) refers to libinit2.o(.ARM.Collect$$libinit$$0000000D) for .ARM.Collect$$libinit$$0000000D
    libinit2.o(.ARM.Collect$$libinit$$00000010) refers to libinit2.o(.ARM.Collect$$libinit$$0000000D) for .ARM.Collect$$libinit$$0000000D
    libinit2.o(.ARM.Collect$$libinit$$00000012) refers to libinit2.o(.ARM.Collect$$libinit$$0000000D) for .ARM.Collect$$libinit$$0000000D
    libinit2.o(.ARM.Collect$$libinit$$00000014) refers to libinit2.o(.ARM.Collect$$libinit$$0000000D) for .ARM.Collect$$libinit$$0000000D
    libinit2.o(.ARM.Collect$$libinit$$00000016) refers to libinit2.o(.ARM.Collect$$libinit$$0000000D) for .ARM.Collect$$libinit$$0000000D
    libinit2.o(.ARM.Collect$$libinit$$00000024) refers to argv_veneer.o(.emb_text) for __ARM_argv_veneer
    libinit2.o(.ARM.Collect$$libinit$$00000025) refers to argv_veneer.o(.emb_text) for __ARM_argv_veneer
    rtexit2.o(.ARM.Collect$$rtexit$$00000003) refers to libshutdown.o(.ARM.Collect$$libshutdown$$00000000) for __rt_lib_shutdown
    rtexit2.o(.ARM.Collect$$rtexit$$00000004) refers to sys_exit.o(.text) for _sys_exit
    rtexit2.o(.ARM.exidx) refers to rtexit2.o(.ARM.Collect$$rtexit$$00000001) for .ARM.Collect$$rtexit$$00000001
    rtexit2.o(.ARM.exidx) refers to rtexit2.o(.ARM.Collect$$rtexit$$00000003) for .ARM.Collect$$rtexit$$00000003
    rtexit2.o(.ARM.exidx) refers to rtexit2.o(.ARM.Collect$$rtexit$$00000004) for .ARM.Collect$$rtexit$$00000004
    argv_veneer.o(.emb_text) refers to no_argv.o(.text) for __ARM_get_argv
    sys_exit.o(.text) refers (Special) to use_no_semi.o(.text) for __I$use$semihosting
    sys_exit.o(.text) refers (Special) to indicate_semi.o(.text) for __semihosting_library_function
    _get_argv_nomalloc.o(.text) refers (Special) to hrguard.o(.text) for __heap_region$guard
    _get_argv_nomalloc.o(.text) refers to defsig_rtmem_outer.o(.text) for __rt_SIGRTMEM
    _get_argv_nomalloc.o(.text) refers to sys_command.o(.text) for _sys_command_string
    libshutdown.o(.ARM.Collect$$libshutdown$$00000000) refers (Special) to libshutdown2.o(.ARM.Collect$$libshutdown$$00000006) for __rt_lib_shutdown_fp_trap_1
    libshutdown.o(.ARM.Collect$$libshutdown$$00000000) refers (Special) to libshutdown2.o(.ARM.Collect$$libshutdown$$0000000E) for __rt_lib_shutdown_heap_1
    libshutdown.o(.ARM.Collect$$libshutdown$$00000000) refers (Special) to libshutdown2.o(.ARM.Collect$$libshutdown$$0000000F) for __rt_lib_shutdown_return
    libshutdown.o(.ARM.Collect$$libshutdown$$00000000) refers (Special) to libshutdown2.o(.ARM.Collect$$libshutdown$$00000009) for __rt_lib_shutdown_signal_1
    libshutdown.o(.ARM.Collect$$libshutdown$$00000000) refers (Special) to libshutdown2.o(.ARM.Collect$$libshutdown$$00000003) for __rt_lib_shutdown_stdio_1
    libshutdown.o(.ARM.Collect$$libshutdown$$00000000) refers (Special) to libshutdown2.o(.ARM.Collect$$libshutdown$$0000000B) for __rt_lib_shutdown_user_alloc_1
    sys_command.o(.text) refers (Special) to use_no_semi.o(.text) for __I$use$semihosting
    sys_command.o(.text) refers (Special) to indicate_semi.o(.text) for __semihosting_library_function
    defsig_rtmem_outer.o(.text) refers to defsig_rtmem_inner.o(.text) for __rt_SIGRTMEM_inner
    defsig_rtmem_outer.o(.text) refers to defsig_exit.o(.text) for __sig_exit
    defsig_rtmem_formal.o(.text) refers to rt_raise.o(.text) for __rt_raise
    rt_raise.o(.text) refers to __raise.o(.text) for __raise
    rt_raise.o(.text) refers to sys_exit.o(.text) for _sys_exit
    defsig_exit.o(.text) refers to sys_exit.o(.text) for _sys_exit
    defsig_rtmem_inner.o(.text) refers to defsig_general.o(.text) for __default_signal_display
    __raise.o(.text) refers to defsig.o(CL$$defsig) for __default_signal_handler
    defsig_general.o(.text) refers to sys_wrch.o(.text) for _ttywrch
    sys_wrch.o(.text) refers (Special) to use_no_semi.o(.text) for __I$use$semihosting
    sys_wrch.o(.text) refers (Special) to indicate_semi.o(.text) for __semihosting_library_function
    defsig.o(CL$$defsig) refers to defsig_rtmem_inner.o(.text) for __rt_SIGRTMEM_inner
    defsig_abrt_inner.o(.text) refers to defsig_general.o(.text) for __default_signal_display
    defsig_fpe_inner.o(.text) refers to defsig_general.o(.text) for __default_signal_display
    defsig_rtred_inner.o(.text) refers to defsig_general.o(.text) for __default_signal_display
    defsig_stak_inner.o(.text) refers to defsig_general.o(.text) for __default_signal_display
    defsig_pvfn_inner.o(.text) refers to defsig_general.o(.text) for __default_signal_display
    defsig_cppl_inner.o(.text) refers to defsig_general.o(.text) for __default_signal_display
    defsig_segv_inner.o(.text) refers to defsig_general.o(.text) for __default_signal_display
    defsig_other.o(.text) refers to defsig_general.o(.text) for __default_signal_display


==============================================================================

Removing Unused input sections from the image.

    Removing st7735.o(i.Output_Clear), (10 bytes).
    Removing st7735.o(i.Output_Color), (12 bytes).
    Removing st7735.o(i.Output_Init), (16 bytes).
    Removing st7735.o(i.Output_Off), (8 bytes).
    Removing st7735.o(i.Output_On), (8 bytes).
    Removing st7735.o(i.ST7735_Color565), (24 bytes).
    Removing st7735.o(i.ST7735_DrawBitmap), (288 bytes).
    Removing st7735.o(i.ST7735_DrawChar), (268 bytes).
    Removing st7735.o(i.ST7735_DrawFastHLine), (124 bytes).
    Removing st7735.o(i.ST7735_DrawFastVLine), (124 bytes).
    Removing st7735.o(i.ST7735_InitB), (40 bytes).
    Removing st7735.o(i.ST7735_InvertDisplay), (22 bytes).
    Removing st7735.o(i.ST7735_OutUDec), (140 bytes).
    Removing st7735.o(i.ST7735_PlotBar), (88 bytes).
    Removing st7735.o(i.ST7735_PlotClear), (92 bytes).
    Removing st7735.o(i.ST7735_PlotLine), (264 bytes).
    Removing st7735.o(i.ST7735_PlotNext), (32 bytes).
    Removing st7735.o(i.ST7735_PlotNextErase), (64 bytes).
    Removing st7735.o(i.ST7735_PlotPoint), (152 bytes).
    Removing st7735.o(i.ST7735_PlotPoints), (172 bytes).
    Removing st7735.o(i.ST7735_PlotdBfs), (60 bytes).
    Removing st7735.o(i.ST7735_SetRotation), (212 bytes).
    Removing st7735.o(i.ST7735_SetTextColor), (12 bytes).
    Removing st7735.o(i.ST7735_SwapColor), (18 bytes).
    Removing st7735.o(i.ferror), (8 bytes).
    Removing st7735.o(i.fgetc), (6 bytes).
    Removing st7735.o(i.fillmessage), (72 bytes).
    Removing st7735.o(i.fputc), (16 bytes).
    Removing st7735.o(.bss), (12 bytes).
    Removing speaker.o(i.Music_ChangeIntrument), (92 bytes).
    Removing speaker.o(i.Music_Pause), (24 bytes).
    Removing speaker.o(i.Music_Rewind), (156 bytes).
    Removing speaker.o(i.Speaker_Init), (132 bytes).
    Removing speaker.o(i.getBeatDuration), (20 bytes).
    Removing speaker.o(i.getNoteDuration), (30 bytes).
    Removing speaker.o(i.harmony_handler), (260 bytes).
    Removing speaker.o(i.melody_handler), (300 bytes).
    Removing button.o(i.Button_Init), (12 bytes).
    Removing button.o(i.EdgeInterrupt_Init), (140 bytes).
    Removing button.o(i.PortF_Init), (92 bytes).
    Removing timer.o(i.Timer2A_Init), (128 bytes).
    Removing timer.o(i.Timer3A_Init), (128 bytes).
    Removing motiondetect.o(i.DelayWait1ms), (32 bytes).
    Removing motiondetect.o(i.MotionDetect_Init), (108 bytes).
    Removing motiondetect.o(i.TVoff), (60 bytes).
    Removing motiondetect.o(i.TVon), (60 bytes).
    Removing motiondetect.o(i.UART_Init), (152 bytes).
    Removing motiondetect.o(i.UART_OutChar), (44 bytes).
    Removing motiondetect.o(i.flush), (12 bytes).
    Removing motiondetect.o(i.getMotionDetect), (60 bytes).
    Removing motiondetect.o(i.motionDetected), (36 bytes).
    Removing motiondetect.o(i.printBuff), (56 bytes).
    Removing motiondetect.o(i.readResponse), (96 bytes).
    Removing motiondetect.o(i.reset), (56 bytes).
    Removing motiondetect.o(i.sendCommand), (56 bytes).
    Removing motiondetect.o(i.setMotionDetect), (84 bytes).
    Removing motiondetect.o(i.setMotionStatus), (120 bytes).
    Removing motiondetect.o(i.verifyResponse), (52 bytes).
    Removing motiondetect.o(.bss), (101 bytes).
    Removing motiondetect.o(.data), (2 bytes).
    Removing serial.o(i.Serial_InChar), (24 bytes).
    Removing serial.o(i.Serial_OutChar), (24 bytes).
    Removing serial.o(i.Serial_OutString), (24 bytes).
    Removing serial.o(i.Serial_OutUDec), (42 bytes).
    Removing serial.o(i.Serial_OutUHex), (52 bytes).
    Removing microphone.o(i.DelayWait1ms), (32 bytes).
    Removing dac.o(i.DAC_Out), (28 bytes).
    Removing timer.o(i.Timer1A_Acknowledge), (12 bytes).
    Removing timer.o(i.Timer2A_Acknowledge), (12 bytes).
    Removing timer.o(i.Timer3A_Acknowledge), (12 bytes).
    Removing timer.o(i.Timer1A_Stop), (20 bytes).
    Removing timer.o(i.Timer1A_Arm), (16 bytes).
    Removing timer.o(i.Timer1A_Disarm), (16 bytes).
    Removing timer.o(i.Timer1A_Period), (12 bytes).
    Removing timer.o(i.Timer2A_Start), (20 bytes).
    Removing timer.o(i.Timer2A_Stop), (20 bytes).
    Removing timer.o(i.Timer2A_Disarm), (16 bytes).
    Removing timer.o(i.Timer2A_Period), (12 bytes).
    Removing timer.o(i.Timer3A_Start), (20 bytes).
    Removing timer.o(i.Timer3A_Stop), (20 bytes).
    Removing timer.o(i.Timer3A_Disarm), (12 bytes).
    Removing timer.o(i.Timer3A_Period), (12 bytes).

82 unused section(s) (total 5523 bytes) removed from the image.

==============================================================================

Image Symbol Table

    Local Symbols

    Symbol Name                              Value     Ov Type        Size  Object(Section)

    RESET                                    0x00000000   Section      644  startup.o(RESET)
    ../clib/angel/boardlib.s                 0x00000000   Number         0  boardinit3.o ABSOLUTE
    ../clib/angel/boardlib.s                 0x00000000   Number         0  boardinit2.o ABSOLUTE
    ../clib/angel/boardlib.s                 0x00000000   Number         0  boardshut.o ABSOLUTE
    ../clib/angel/boardlib.s                 0x00000000   Number         0  boardinit1.o ABSOLUTE
    ../clib/angel/dclz77c.s                  0x00000000   Number         0  __dclz77c.o ABSOLUTE
    ../clib/angel/handlers.s                 0x00000000   Number         0  __scatter_zi.o ABSOLUTE
    ../clib/angel/kernel.s                   0x00000000   Number         0  rtexit2.o ABSOLUTE
    ../clib/angel/kernel.s                   0x00000000   Number         0  rtentry2.o ABSOLUTE
    ../clib/angel/kernel.s                   0x00000000   Number         0  rtexit.o ABSOLUTE
    ../clib/angel/kernel.s                   0x00000000   Number         0  rtentry4.o ABSOLUTE
    ../clib/angel/kernel.s                   0x00000000   Number         0  rtentry.o ABSOLUTE
    ../clib/angel/rt.s                       0x00000000   Number         0  rt_raise.o ABSOLUTE
    ../clib/angel/scatter.s                  0x00000000   Number         0  __scatter.o ABSOLUTE
    ../clib/angel/startup.s                  0x00000000   Number         0  __main.o ABSOLUTE
    ../clib/angel/sys.s                      0x00000000   Number         0  indicate_semi.o ABSOLUTE
    ../clib/angel/sys.s                      0x00000000   Number         0  use_no_semi.o ABSOLUTE
    ../clib/angel/sys.s                      0x00000000   Number         0  sys_stackheap_outer.o ABSOLUTE
    ../clib/angel/sys.s                      0x00000000   Number         0  libspace.o ABSOLUTE
    ../clib/angel/sysapp.c                   0x00000000   Number         0  sys_command.o ABSOLUTE
    ../clib/angel/sysapp.c                   0x00000000   Number         0  sys_wrch.o ABSOLUTE
    ../clib/angel/sysapp.c                   0x00000000   Number         0  sys_exit.o ABSOLUTE
    ../clib/armsys.c                         0x00000000   Number         0  no_argv.o ABSOLUTE
    ../clib/armsys.c                         0x00000000   Number         0  _get_argv_nomalloc.o ABSOLUTE
    ../clib/armsys.c                         0x00000000   Number         0  argv_veneer.o ABSOLUTE
    ../clib/armsys.c                         0x00000000   Number         0  argv_veneer.o ABSOLUTE
    ../clib/heapalloc.c                      0x00000000   Number         0  hrguard.o ABSOLUTE
    ../clib/heapaux.c                        0x00000000   Number         0  heapauxi.o ABSOLUTE
    ../clib/libinit.s                        0x00000000   Number         0  libinit.o ABSOLUTE
    ../clib/libinit.s                        0x00000000   Number         0  libshutdown.o ABSOLUTE
    ../clib/libinit.s                        0x00000000   Number         0  libshutdown2.o ABSOLUTE
    ../clib/libinit.s                        0x00000000   Number         0  libinit2.o ABSOLUTE
    ../clib/memcpset.s                       0x00000000   Number         0  rt_memclr_w.o ABSOLUTE
    ../clib/signal.c                         0x00000000   Number         0  defsig_rtmem_formal.o ABSOLUTE
    ../clib/signal.c                         0x00000000   Number         0  defsig_rtmem_outer.o ABSOLUTE
    ../clib/signal.c                         0x00000000   Number         0  __raise.o ABSOLUTE
    ../clib/signal.c                         0x00000000   Number         0  defsig_rtmem_inner.o ABSOLUTE
    ../clib/signal.c                         0x00000000   Number         0  defsig_exit.o ABSOLUTE
    ../clib/signal.c                         0x00000000   Number         0  defsig_other.o ABSOLUTE
    ../clib/signal.c                         0x00000000   Number         0  defsig_segv_inner.o ABSOLUTE
    ../clib/signal.c                         0x00000000   Number         0  defsig_cppl_inner.o ABSOLUTE
    ../clib/signal.c                         0x00000000   Number         0  defsig_pvfn_inner.o ABSOLUTE
    ../clib/signal.c                         0x00000000   Number         0  defsig_stak_inner.o ABSOLUTE
    ../clib/signal.c                         0x00000000   Number         0  defsig_rtred_inner.o ABSOLUTE
    ../clib/signal.c                         0x00000000   Number         0  defsig_fpe_inner.o ABSOLUTE
    ../clib/signal.c                         0x00000000   Number         0  defsig_abrt_inner.o ABSOLUTE
    ../clib/signal.c                         0x00000000   Number         0  defsig_general.o ABSOLUTE
    ../clib/signal.s                         0x00000000   Number         0  defsig.o ABSOLUTE
    ../clib/stdlib.c                         0x00000000   Number         0  exit.o ABSOLUTE
    ../fplib/fpinit.s                        0x00000000   Number         0  fpinit.o ABSOLUTE
    Button.c                                 0x00000000   Number         0  button.o ABSOLUTE
    DAC.c                                    0x00000000   Number         0  dac.o ABSOLUTE
    Keypad.c                                 0x00000000   Number         0  keypad.o ABSOLUTE
    Microphone.c                             0x00000000   Number         0  microphone.o ABSOLUTE
    MotionDetect.c                           0x00000000   Number         0  motiondetect.o ABSOLUTE
    PLL.c                                    0x00000000   Number         0  pll.o ABSOLUTE
    ST7735.c                                 0x00000000   Number         0  st7735.o ABSOLUTE
    Serial.c                                 0x00000000   Number         0  serial.o ABSOLUTE
    Servo.c                                  0x00000000   Number         0  servo.o ABSOLUTE
    Speaker.c                                0x00000000   Number         0  speaker.o ABSOLUTE
    Timer.c                                  0x00000000   Number         0  timer.o ABSOLUTE
    dc.s                                     0x00000000   Number         0  dc.o ABSOLUTE
    main.c                                   0x00000000   Number         0  main.o ABSOLUTE
    startup.s                                0x00000000   Number         0  startup.o ABSOLUTE
    !!!main                                  0x00000284   Section        8  __main.o(!!!main)
    !!!scatter                               0x0000028c   Section       52  __scatter.o(!!!scatter)
    !!dclz77c                                0x000002c0   Section      100  __dclz77c.o(!!dclz77c)
    !!handler_zi                             0x00000324   Section       28  __scatter_zi.o(!!handler_zi)
    .ARM.Collect$$libinit$$00000000          0x00000340   Section        2  libinit.o(.ARM.Collect$$libinit$$00000000)
    .ARM.Collect$$libinit$$00000002          0x00000342   Section        0  libinit2.o(.ARM.Collect$$libinit$$00000002)
    .ARM.Collect$$libinit$$00000008          0x00000342   Section        0  libinit2.o(.ARM.Collect$$libinit$$00000008)
    .ARM.Collect$$libinit$$0000000A          0x00000342   Section        0  libinit2.o(.ARM.Collect$$libinit$$0000000A)
    .ARM.Collect$$libinit$$0000000C          0x00000342   Section        0  libinit2.o(.ARM.Collect$$libinit$$0000000C)
    .ARM.Collect$$libinit$$0000000F          0x00000342   Section        0  libinit2.o(.ARM.Collect$$libinit$$0000000F)
    .ARM.Collect$$libinit$$00000011          0x00000342   Section        0  libinit2.o(.ARM.Collect$$libinit$$00000011)
    .ARM.Collect$$libinit$$00000013          0x00000342   Section        0  libinit2.o(.ARM.Collect$$libinit$$00000013)
    .ARM.Collect$$libinit$$00000015          0x00000342   Section        0  libinit2.o(.ARM.Collect$$libinit$$00000015)
    .ARM.Collect$$libinit$$00000017          0x00000342   Section        0  libinit2.o(.ARM.Collect$$libinit$$00000017)
    .ARM.Collect$$libinit$$00000019          0x00000342   Section        0  libinit2.o(.ARM.Collect$$libinit$$00000019)
    .ARM.Collect$$libinit$$0000001B          0x00000342   Section        0  libinit2.o(.ARM.Collect$$libinit$$0000001B)
    .ARM.Collect$$libinit$$0000001D          0x00000342   Section        0  libinit2.o(.ARM.Collect$$libinit$$0000001D)
    .ARM.Collect$$libinit$$0000001F          0x00000342   Section        0  libinit2.o(.ARM.Collect$$libinit$$0000001F)
    .ARM.Collect$$libinit$$00000021          0x00000342   Section        0  libinit2.o(.ARM.Collect$$libinit$$00000021)
    .ARM.Collect$$libinit$$00000023          0x00000342   Section        0  libinit2.o(.ARM.Collect$$libinit$$00000023)
    .ARM.Collect$$libinit$$0000002A          0x00000342   Section        0  libinit2.o(.ARM.Collect$$libinit$$0000002A)
    .ARM.Collect$$libinit$$0000002C          0x00000342   Section        0  libinit2.o(.ARM.Collect$$libinit$$0000002C)
    .ARM.Collect$$libinit$$0000002E          0x00000342   Section        0  libinit2.o(.ARM.Collect$$libinit$$0000002E)
    .ARM.Collect$$libinit$$00000030          0x00000342   Section        0  libinit2.o(.ARM.Collect$$libinit$$00000030)
    .ARM.Collect$$libinit$$00000031          0x00000342   Section        2  libinit2.o(.ARM.Collect$$libinit$$00000031)
    .ARM.Collect$$libshutdown$$00000000      0x00000344   Section        2  libshutdown.o(.ARM.Collect$$libshutdown$$00000000)
    .ARM.Collect$$libshutdown$$00000003      0x00000346   Section        0  libshutdown2.o(.ARM.Collect$$libshutdown$$00000003)
    .ARM.Collect$$libshutdown$$00000006      0x00000346   Section        0  libshutdown2.o(.ARM.Collect$$libshutdown$$00000006)
    .ARM.Collect$$libshutdown$$00000009      0x00000346   Section        0  libshutdown2.o(.ARM.Collect$$libshutdown$$00000009)
    .ARM.Collect$$libshutdown$$0000000B      0x00000346   Section        0  libshutdown2.o(.ARM.Collect$$libshutdown$$0000000B)
    .ARM.Collect$$libshutdown$$0000000E      0x00000346   Section        0  libshutdown2.o(.ARM.Collect$$libshutdown$$0000000E)
    .ARM.Collect$$libshutdown$$0000000F      0x00000346   Section        2  libshutdown2.o(.ARM.Collect$$libshutdown$$0000000F)
    .ARM.Collect$$rtentry$$00000000          0x00000348   Section        0  rtentry.o(.ARM.Collect$$rtentry$$00000000)
    .ARM.Collect$$rtentry$$00000002          0x00000348   Section        0  rtentry2.o(.ARM.Collect$$rtentry$$00000002)
    .ARM.Collect$$rtentry$$00000004          0x00000348   Section        6  rtentry4.o(.ARM.Collect$$rtentry$$00000004)
    .ARM.Collect$$rtentry$$00000009          0x0000034e   Section        0  rtentry2.o(.ARM.Collect$$rtentry$$00000009)
    .ARM.Collect$$rtentry$$0000000A          0x0000034e   Section        4  rtentry2.o(.ARM.Collect$$rtentry$$0000000A)
    .ARM.Collect$$rtentry$$0000000C          0x00000352   Section        0  rtentry2.o(.ARM.Collect$$rtentry$$0000000C)
    .ARM.Collect$$rtentry$$0000000D          0x00000352   Section        8  rtentry2.o(.ARM.Collect$$rtentry$$0000000D)
    .ARM.Collect$$rtexit$$00000000           0x0000035a   Section        2  rtexit.o(.ARM.Collect$$rtexit$$00000000)
    .ARM.Collect$$rtexit$$00000002           0x0000035c   Section        0  rtexit2.o(.ARM.Collect$$rtexit$$00000002)
    .ARM.Collect$$rtexit$$00000003           0x0000035c   Section        4  rtexit2.o(.ARM.Collect$$rtexit$$00000003)
    .ARM.Collect$$rtexit$$00000004           0x00000360   Section        6  rtexit2.o(.ARM.Collect$$rtexit$$00000004)
    .text                                    0x00000368   Section       48  startup.o(.text)
    .text                                    0x00000398   Section       78  rt_memclr_w.o(.text)
    .text                                    0x000003e6   Section        0  heapauxi.o(.text)
    .text                                    0x000003ec   Section       74  sys_stackheap_outer.o(.text)
    .text                                    0x00000436   Section        0  exit.o(.text)
    .text                                    0x00000444   Section        8  libspace.o(.text)
    .text                                    0x0000044c   Section        0  sys_exit.o(.text)
    .text                                    0x00000458   Section        2  use_no_semi.o(.text)
    .text                                    0x0000045a   Section        0  indicate_semi.o(.text)
    i.ADC0_InSeq3                            0x0000045c   Section        0  microphone.o(i.ADC0_InSeq3)
    ADC0_InSeq3                              0x0000045d   Thumb Code    36  microphone.o(i.ADC0_InSeq3)
    i.ADC0_InitSWTriggerSeq3_Ch11            0x00000488   Section        0  microphone.o(i.ADC0_InitSWTriggerSeq3_Ch11)
    ADC0_InitSWTriggerSeq3_Ch11              0x00000489   Thumb Code   220  microphone.o(i.ADC0_InitSWTriggerSeq3_Ch11)
    i.DAC_Init                               0x00000580   Section        0  dac.o(i.DAC_Init)
    i.Delay1ms                               0x00000644   Section        0  st7735.o(i.Delay1ms)
    i.DelayWait10ms                          0x00000664   Section        0  keypad.o(i.DelayWait10ms)
    i.GPIOPortF_Handler                      0x00000684   Section        0  button.o(i.GPIOPortF_Handler)
    i.Keypad_Init                            0x000006d4   Section        0  keypad.o(i.Keypad_Init)
    i.Microphone_Init                        0x000006dc   Section        0  microphone.o(i.Microphone_Init)
    i.Microphone_Sample                      0x000006f4   Section        0  microphone.o(i.Microphone_Sample)
    Microphone_Sample                        0x000006f5   Thumb Code    12  microphone.o(i.Microphone_Sample)
    i.Music_Play                             0x00000704   Section        0  speaker.o(i.Music_Play)
    i.PLL_Init                               0x0000071c   Section        0  pll.o(i.PLL_Init)
    i.PWM0A_Duty                             0x00000798   Section        0  servo.o(i.PWM0A_Duty)
    i.PWM0A_Init                             0x000007a4   Section        0  servo.o(i.PWM0A_Init)
    i.PortE_Init                             0x0000085c   Section        0  keypad.o(i.PortE_Init)
    i.ST7735_DrawCharS                       0x000008d8   Section        0  st7735.o(i.ST7735_DrawCharS)
    i.ST7735_DrawPixel                       0x000009cc   Section        0  st7735.o(i.ST7735_DrawPixel)
    i.ST7735_DrawString                      0x00000a14   Section        0  st7735.o(i.ST7735_DrawString)
    i.ST7735_FillRect                        0x00000a6c   Section        0  st7735.o(i.ST7735_FillRect)
    i.ST7735_FillScreen                      0x00000b18   Section        0  st7735.o(i.ST7735_FillScreen)
    i.ST7735_InitR                           0x00000b3c   Section        0  st7735.o(i.ST7735_InitR)
    i.ST7735_OutChar                         0x00000bb8   Section        0  st7735.o(i.ST7735_OutChar)
    i.ST7735_OutString                       0x00000c8c   Section        0  st7735.o(i.ST7735_OutString)
    i.ST7735_SetCursor                       0x00000ca4   Section        0  st7735.o(i.ST7735_SetCursor)
    i.Serial_Init                            0x00000cc4   Section        0  serial.o(i.Serial_Init)
    i.Servo_Init                             0x00000d4c   Section        0  servo.o(i.Servo_Init)
    i.ShortWait                              0x00000d5c   Section        0  keypad.o(i.ShortWait)
    i.Timer0A_Handler                        0x00000d7c   Section        0  button.o(i.Timer0A_Handler)
    i.Timer0Arm                              0x00000de8   Section        0  button.o(i.Timer0Arm)
    Timer0Arm                                0x00000de9   Thumb Code    60  button.o(i.Timer0Arm)
    i.Timer1A_Handler                        0x00000e34   Section        0  timer.o(i.Timer1A_Handler)
    i.Timer1A_Init                           0x00000e50   Section        0  timer.o(i.Timer1A_Init)
    i.Timer2A_Arm                            0x00000ec4   Section        0  timer.o(i.Timer2A_Arm)
    i.Timer2A_Handler                        0x00000ed4   Section        0  timer.o(i.Timer2A_Handler)
    i.Timer3A_Arm                            0x00000ef0   Section        0  timer.o(i.Timer3A_Arm)
    i.Timer3A_Handler                        0x00000efc   Section        0  timer.o(i.Timer3A_Handler)
    i.commandList                            0x00000f18   Section        0  st7735.o(i.commandList)
    commandList                              0x00000f19   Thumb Code    86  st7735.o(i.commandList)
    i.commonInit                             0x00000f70   Section        0  st7735.o(i.commonInit)
    commonInit                               0x00000f71   Thumb Code   340  st7735.o(i.commonInit)
    i.doorLock                               0x000010f4   Section        0  servo.o(i.doorLock)
    i.doorUnlock                             0x00001100   Section        0  servo.o(i.doorUnlock)
    i.getPins                                0x0000110c   Section        0  keypad.o(i.getPins)
    i.isPassCode                             0x0000129c   Section        0  keypad.o(i.isPassCode)
    i.main                                   0x000012b4   Section        0  main.o(i.main)
    i.pushColor                              0x000015ec   Section        0  st7735.o(i.pushColor)
    pushColor                                0x000015ed   Thumb Code    18  st7735.o(i.pushColor)
    i.setAddrWindow                          0x00001600   Section        0  st7735.o(i.setAddrWindow)
    setAddrWindow                            0x00001601   Thumb Code   106  st7735.o(i.setAddrWindow)
    i.setPassCode                            0x00001674   Section        0  keypad.o(i.setPassCode)
    i.whichPin                               0x00001680   Section        0  keypad.o(i.whichPin)
    i.writecommand                           0x00001700   Section        0  st7735.o(i.writecommand)
    writecommand                             0x00001701   Thumb Code    40  st7735.o(i.writecommand)
    i.writedata                              0x00001730   Section        0  st7735.o(i.writedata)
    writedata                                0x00001731   Thumb Code    24  st7735.o(i.writedata)
    .constdata                               0x00001750   Section     2018  st7735.o(.constdata)
    Font                                     0x00001750   Data        1275  st7735.o(.constdata)
    Bcmd                                     0x00001c4b   Data         103  st7735.o(.constdata)
    Rcmd1                                    0x00001cb2   Data          59  st7735.o(.constdata)
    Rcmd2green                               0x00001ced   Data          13  st7735.o(.constdata)
    Rcmd2red                                 0x00001cfa   Data          13  st7735.o(.constdata)
    Rcmd3                                    0x00001d07   Data          43  st7735.o(.constdata)
    .constdata                               0x00001f32   Section      640  speaker.o(.constdata)
    .conststring                             0x000021b2   Section       31  speaker.o(.conststring)
    .conststring                             0x000021d1   Section       32  main.o(.conststring)
    .data                                    0x20000000   Section       44  st7735.o(.data)
    _width                                   0x2000000a   Data           2  st7735.o(.data)
    _height                                  0x2000000c   Data           2  st7735.o(.data)
    ColStart                                 0x20000014   Data           1  st7735.o(.data)
    RowStart                                 0x20000015   Data           1  st7735.o(.data)
    Rotation                                 0x20000016   Data           1  st7735.o(.data)
    TabColor                                 0x20000017   Data           1  st7735.o(.data)
    .data                                    0x2000002c   Section     1584  speaker.o(.data)
    instruments                              0x2000060c   Data          20  speaker.o(.data)
    instrumentText                           0x20000620   Data          20  speaker.o(.data)
    melodyInstrumentIndex                    0x20000634   Data           2  speaker.o(.data)
    melodyNoteIndex                          0x20000636   Data           2  speaker.o(.data)
    melodyLasts                              0x20000638   Data           4  speaker.o(.data)
    harmonyInstrumentIndex                   0x2000063c   Data           2  speaker.o(.data)
    harmonyNoteIndex                         0x2000063e   Data           2  speaker.o(.data)
    harmonyLasts                             0x20000640   Data           4  speaker.o(.data)
    melody_out                               0x2000064c   Data           2  speaker.o(.data)
    harmony_out                              0x2000064e   Data           2  speaker.o(.data)
    melody_note_duration                     0x20000650   Data           4  speaker.o(.data)
    harmony_note_duration                    0x20000654   Data           4  speaker.o(.data)
    curInstrument                            0x20000658   Data           4  speaker.o(.data)
    .data                                    0x2000065c   Section        8  button.o(.data)
    last4                                    0x2000065c   Data           4  button.o(.data)
    last0                                    0x20000660   Data           4  button.o(.data)
    .data                                    0x20000664   Section       12  timer.o(.data)
    Task1                                    0x20000664   Data           4  timer.o(.data)
    Task2                                    0x20000668   Data           4  timer.o(.data)
    Task3                                    0x2000066c   Data           4  timer.o(.data)
    .data                                    0x20000670   Section        4  microphone.o(.data)
    .data                                    0x20000674   Section        4  keypad.o(.data)
    .data                                    0x20000678   Section      261  main.o(.data)
    .bss                                     0x20000780   Section       96  libspace.o(.bss)
    HEAP                                     0x200007e0   Section        0  startup.o(HEAP)
    STACK                                    0x200007e0   Section     1024  startup.o(STACK)
    HeapMem                                  0x200007e0   Data           0  startup.o(HEAP)
    StackMem                                 0x200007e0   Data           0  startup.o(STACK)

    Global Symbols

    Symbol Name                              Value     Ov Type        Size  Object(Section)

    BuildAttributes$$THM_ISAv4$E$P$D$K$B$S$7EM$PE$A:L22UL41UL21$X:L11$S22US41US21$IEEE1$IW$USESV6$~STKCKD$USESV7$~SHL$OSPACE$ROPI$EBA8$UX$STANDARDLIB$REQ8$PRES8$EABIv2 0x00000000   Number         0  anon$$obj.o ABSOLUTE
    __ARM_use_no_argv                        0x00000000   Number         0  main.o ABSOLUTE
    __Vectors                                0x00000000   Data           0  startup.o(RESET)
    __ARM_exceptions_init                     - Undefined Weak Reference
    __alloca_initialize                       - Undefined Weak Reference
    __cpp_initialize__aeabi_                  - Undefined Weak Reference
    __cxa_finalize                            - Undefined Weak Reference
    __rt_locale                               - Undefined Weak Reference
    __sigvec_lookup                           - Undefined Weak Reference
    _atexit_init                              - Undefined Weak Reference
    _call_atexit_fns                          - Undefined Weak Reference
    _clock_init                               - Undefined Weak Reference
    _fp_trap_init                             - Undefined Weak Reference
    _fp_trap_shutdown                         - Undefined Weak Reference
    _get_lc_collate                           - Undefined Weak Reference
    _get_lc_ctype                             - Undefined Weak Reference
    _get_lc_monetary                          - Undefined Weak Reference
    _get_lc_numeric                           - Undefined Weak Reference
    _get_lc_time                              - Undefined Weak Reference
    _getenv_init                              - Undefined Weak Reference
    _handle_redirection                       - Undefined Weak Reference
    _init_alloc                               - Undefined Weak Reference
    _init_user_alloc                          - Undefined Weak Reference
    _initio                                   - Undefined Weak Reference
    _rand_init                                - Undefined Weak Reference
    _signal_finish                            - Undefined Weak Reference
    _signal_init                              - Undefined Weak Reference
    _terminate_alloc                          - Undefined Weak Reference
    _terminate_user_alloc                     - Undefined Weak Reference
    _terminateio                              - Undefined Weak Reference
    Reset_Handler                            0x0000026d   Thumb Code     0  startup.o(RESET)
    NMI_Handler                              0x00000271   Thumb Code     2  startup.o(RESET)
    HardFault_Handler                        0x00000273   Thumb Code     2  startup.o(RESET)
    MemManage_Handler                        0x00000275   Thumb Code     2  startup.o(RESET)
    BusFault_Handler                         0x00000277   Thumb Code     2  startup.o(RESET)
    UsageFault_Handler                       0x00000279   Thumb Code     2  startup.o(RESET)
    SVC_Handler                              0x0000027b   Thumb Code     2  startup.o(RESET)
    DebugMon_Handler                         0x0000027d   Thumb Code     2  startup.o(RESET)
    PendSV_Handler                           0x0000027f   Thumb Code     2  startup.o(RESET)
    SysTick_Handler                          0x00000281   Thumb Code     2  startup.o(RESET)
    ADC0Seq0_Handler                         0x00000283   Thumb Code     0  startup.o(RESET)
    ADC0Seq1_Handler                         0x00000283   Thumb Code     0  startup.o(RESET)
    ADC0Seq2_Handler                         0x00000283   Thumb Code     0  startup.o(RESET)
    ADC0Seq3_Handler                         0x00000283   Thumb Code     0  startup.o(RESET)
    ADC1Seq0_Handler                         0x00000283   Thumb Code     0  startup.o(RESET)
    ADC1Seq1_Handler                         0x00000283   Thumb Code     0  startup.o(RESET)
    ADC1Seq2_Handler                         0x00000283   Thumb Code     0  startup.o(RESET)
    ADC1Seq3_Handler                         0x00000283   Thumb Code     0  startup.o(RESET)
    CAN0_Handler                             0x00000283   Thumb Code     0  startup.o(RESET)
    CAN1_Handler                             0x00000283   Thumb Code     0  startup.o(RESET)
    CAN2_Handler                             0x00000283   Thumb Code     0  startup.o(RESET)
    Comp0_Handler                            0x00000283   Thumb Code     0  startup.o(RESET)
    Comp1_Handler                            0x00000283   Thumb Code     0  startup.o(RESET)
    Comp2_Handler                            0x00000283   Thumb Code     0  startup.o(RESET)
    Ethernet_Handler                         0x00000283   Thumb Code     0  startup.o(RESET)
    ExtBus_Handler                           0x00000283   Thumb Code     0  startup.o(RESET)
    FPU_Handler                              0x00000283   Thumb Code     0  startup.o(RESET)
    Fan0_Handler                             0x00000283   Thumb Code     0  startup.o(RESET)
    FlashCtl_Handler                         0x00000283   Thumb Code     0  startup.o(RESET)
    GPIOPortA_Handler                        0x00000283   Thumb Code     0  startup.o(RESET)
    GPIOPortB_Handler                        0x00000283   Thumb Code     0  startup.o(RESET)
    GPIOPortC_Handler                        0x00000283   Thumb Code     0  startup.o(RESET)
    GPIOPortD_Handler                        0x00000283   Thumb Code     0  startup.o(RESET)
    GPIOPortE_Handler                        0x00000283   Thumb Code     0  startup.o(RESET)
    GPIOPortG_Handler                        0x00000283   Thumb Code     0  startup.o(RESET)
    GPIOPortH_Handler                        0x00000283   Thumb Code     0  startup.o(RESET)
    GPIOPortJ_Handler                        0x00000283   Thumb Code     0  startup.o(RESET)
    GPIOPortK_Handler                        0x00000283   Thumb Code     0  startup.o(RESET)
    GPIOPortL_Handler                        0x00000283   Thumb Code     0  startup.o(RESET)
    GPIOPortM_Handler                        0x00000283   Thumb Code     0  startup.o(RESET)
    GPIOPortN_Handler                        0x00000283   Thumb Code     0  startup.o(RESET)
    GPIOPortP1_Handler                       0x00000283   Thumb Code     0  startup.o(RESET)
    GPIOPortP2_Handler                       0x00000283   Thumb Code     0  startup.o(RESET)
    GPIOPortP3_Handler                       0x00000283   Thumb Code     0  startup.o(RESET)
    GPIOPortP4_Handler                       0x00000283   Thumb Code     0  startup.o(RESET)
    GPIOPortP5_Handler                       0x00000283   Thumb Code     0  startup.o(RESET)
    GPIOPortP6_Handler                       0x00000283   Thumb Code     0  startup.o(RESET)
    GPIOPortP7_Handler                       0x00000283   Thumb Code     0  startup.o(RESET)
    GPIOPortP_Handler                        0x00000283   Thumb Code     0  startup.o(RESET)
    GPIOPortQ1_Handler                       0x00000283   Thumb Code     0  startup.o(RESET)
    GPIOPortQ2_Handler                       0x00000283   Thumb Code     0  startup.o(RESET)
    GPIOPortQ3_Handler                       0x00000283   Thumb Code     0  startup.o(RESET)
    GPIOPortQ4_Handler                       0x00000283   Thumb Code     0  startup.o(RESET)
    GPIOPortQ5_Handler                       0x00000283   Thumb Code     0  startup.o(RESET)
    GPIOPortQ6_Handler                       0x00000283   Thumb Code     0  startup.o(RESET)
    GPIOPortQ7_Handler                       0x00000283   Thumb Code     0  startup.o(RESET)
    GPIOPortQ_Handler                        0x00000283   Thumb Code     0  startup.o(RESET)
    GPIOPortR_Handler                        0x00000283   Thumb Code     0  startup.o(RESET)
    GPIOPortS_Handler                        0x00000283   Thumb Code     0  startup.o(RESET)
    Hibernate_Handler                        0x00000283   Thumb Code     0  startup.o(RESET)
    I2C0_Handler                             0x00000283   Thumb Code     0  startup.o(RESET)
    I2C1_Handler                             0x00000283   Thumb Code     0  startup.o(RESET)
    I2C2_Handler                             0x00000283   Thumb Code     0  startup.o(RESET)
    I2C3_Handler                             0x00000283   Thumb Code     0  startup.o(RESET)
    I2C4_Handler                             0x00000283   Thumb Code     0  startup.o(RESET)
    I2C5_Handler                             0x00000283   Thumb Code     0  startup.o(RESET)
    I2S0_Handler                             0x00000283   Thumb Code     0  startup.o(RESET)
    LPC0_Handler                             0x00000283   Thumb Code     0  startup.o(RESET)
    PECI0_Handler                            0x00000283   Thumb Code     0  startup.o(RESET)
    PWM0Fault_Handler                        0x00000283   Thumb Code     0  startup.o(RESET)
    PWM0Generator0_Handler                   0x00000283   Thumb Code     0  startup.o(RESET)
    PWM0Generator1_Handler                   0x00000283   Thumb Code     0  startup.o(RESET)
    PWM0Generator2_Handler                   0x00000283   Thumb Code     0  startup.o(RESET)
    PWM0Generator3_Handler                   0x00000283   Thumb Code     0  startup.o(RESET)
    PWM1Fault_Handler                        0x00000283   Thumb Code     0  startup.o(RESET)
    PWM1Generator0_Handler                   0x00000283   Thumb Code     0  startup.o(RESET)
    PWM1Generator1_Handler                   0x00000283   Thumb Code     0  startup.o(RESET)
    PWM1Generator2_Handler                   0x00000283   Thumb Code     0  startup.o(RESET)
    PWM1Generator3_Handler                   0x00000283   Thumb Code     0  startup.o(RESET)
    Quadrature0_Handler                      0x00000283   Thumb Code     0  startup.o(RESET)
    Quadrature1_Handler                      0x00000283   Thumb Code     0  startup.o(RESET)
    Quadrature2_Handler                      0x00000283   Thumb Code     0  startup.o(RESET)
    SSI0_Handler                             0x00000283   Thumb Code     0  startup.o(RESET)
    SSI1_Handler                             0x00000283   Thumb Code     0  startup.o(RESET)
    SSI2_Handler                             0x00000283   Thumb Code     0  startup.o(RESET)
    SSI3_Handler                             0x00000283   Thumb Code     0  startup.o(RESET)
    SysCtl_Handler                           0x00000283   Thumb Code     0  startup.o(RESET)
    Timer0B_Handler                          0x00000283   Thumb Code     0  startup.o(RESET)
    Timer1B_Handler                          0x00000283   Thumb Code     0  startup.o(RESET)
    Timer2B_Handler                          0x00000283   Thumb Code     0  startup.o(RESET)
    Timer3B_Handler                          0x00000283   Thumb Code     0  startup.o(RESET)
    Timer4A_Handler                          0x00000283   Thumb Code     0  startup.o(RESET)
    Timer4B_Handler                          0x00000283   Thumb Code     0  startup.o(RESET)
    Timer5A_Handler                          0x00000283   Thumb Code     0  startup.o(RESET)
    Timer5B_Handler                          0x00000283   Thumb Code     0  startup.o(RESET)
    UART0_Handler                            0x00000283   Thumb Code     0  startup.o(RESET)
    UART1_Handler                            0x00000283   Thumb Code     0  startup.o(RESET)
    UART2_Handler                            0x00000283   Thumb Code     0  startup.o(RESET)
    UART3_Handler                            0x00000283   Thumb Code     0  startup.o(RESET)
    UART4_Handler                            0x00000283   Thumb Code     0  startup.o(RESET)
    UART5_Handler                            0x00000283   Thumb Code     0  startup.o(RESET)
    UART6_Handler                            0x00000283   Thumb Code     0  startup.o(RESET)
    UART7_Handler                            0x00000283   Thumb Code     0  startup.o(RESET)
    USB0_Handler                             0x00000283   Thumb Code     0  startup.o(RESET)
    WDT_Handler                              0x00000283   Thumb Code     0  startup.o(RESET)
    WideTimer0A_Handler                      0x00000283   Thumb Code     0  startup.o(RESET)
    WideTimer0B_Handler                      0x00000283   Thumb Code     0  startup.o(RESET)
    WideTimer1A_Handler                      0x00000283   Thumb Code     0  startup.o(RESET)
    WideTimer1B_Handler                      0x00000283   Thumb Code     0  startup.o(RESET)
    WideTimer2A_Handler                      0x00000283   Thumb Code     0  startup.o(RESET)
    WideTimer2B_Handler                      0x00000283   Thumb Code     0  startup.o(RESET)
    WideTimer3A_Handler                      0x00000283   Thumb Code     0  startup.o(RESET)
    WideTimer3B_Handler                      0x00000283   Thumb Code     0  startup.o(RESET)
    WideTimer4A_Handler                      0x00000283   Thumb Code     0  startup.o(RESET)
    WideTimer4B_Handler                      0x00000283   Thumb Code     0  startup.o(RESET)
    WideTimer5A_Handler                      0x00000283   Thumb Code     0  startup.o(RESET)
    WideTimer5B_Handler                      0x00000283   Thumb Code     0  startup.o(RESET)
    uDMA_Error                               0x00000283   Thumb Code     0  startup.o(RESET)
    uDMA_Handler                             0x00000283   Thumb Code     0  startup.o(RESET)
    __main                                   0x00000285   Thumb Code     8  __main.o(!!!main)
    __scatterload                            0x0000028d   Thumb Code     0  __scatter.o(!!!scatter)
    __scatterload_rt2                        0x0000028d   Thumb Code    44  __scatter.o(!!!scatter)
    __scatterload_rt2_thumb_only             0x0000028d   Thumb Code     0  __scatter.o(!!!scatter)
    __scatterload_null                       0x0000029b   Thumb Code     0  __scatter.o(!!!scatter)
    __decompress                             0x000002c1   Thumb Code   100  __dclz77c.o(!!dclz77c)
    __decompress2                            0x000002c1   Thumb Code     0  __dclz77c.o(!!dclz77c)
    __scatterload_zeroinit                   0x00000325   Thumb Code    28  __scatter_zi.o(!!handler_zi)
    __rt_lib_init                            0x00000341   Thumb Code     0  libinit.o(.ARM.Collect$$libinit$$00000000)
    __rt_lib_init_alloca_1                   0x00000343   Thumb Code     0  libinit2.o(.ARM.Collect$$libinit$$0000002C)
    __rt_lib_init_argv_1                     0x00000343   Thumb Code     0  libinit2.o(.ARM.Collect$$libinit$$0000002A)
    __rt_lib_init_atexit_1                   0x00000343   Thumb Code     0  libinit2.o(.ARM.Collect$$libinit$$00000019)
    __rt_lib_init_clock_1                    0x00000343   Thumb Code     0  libinit2.o(.ARM.Collect$$libinit$$0000001F)
    __rt_lib_init_cpp_1                      0x00000343   Thumb Code     0  libinit2.o(.ARM.Collect$$libinit$$00000030)
    __rt_lib_init_exceptions_1               0x00000343   Thumb Code     0  libinit2.o(.ARM.Collect$$libinit$$0000002E)
    __rt_lib_init_fp_1                       0x00000343   Thumb Code     0  libinit2.o(.ARM.Collect$$libinit$$00000002)
    __rt_lib_init_fp_trap_1                  0x00000343   Thumb Code     0  libinit2.o(.ARM.Collect$$libinit$$0000001D)
    __rt_lib_init_getenv_1                   0x00000343   Thumb Code     0  libinit2.o(.ARM.Collect$$libinit$$00000021)
    __rt_lib_init_heap_1                     0x00000343   Thumb Code     0  libinit2.o(.ARM.Collect$$libinit$$00000008)
    __rt_lib_init_lc_collate_1               0x00000343   Thumb Code     0  libinit2.o(.ARM.Collect$$libinit$$0000000F)
    __rt_lib_init_lc_ctype_1                 0x00000343   Thumb Code     0  libinit2.o(.ARM.Collect$$libinit$$00000011)
    __rt_lib_init_lc_monetary_1              0x00000343   Thumb Code     0  libinit2.o(.ARM.Collect$$libinit$$00000013)
    __rt_lib_init_lc_numeric_1               0x00000343   Thumb Code     0  libinit2.o(.ARM.Collect$$libinit$$00000015)
    __rt_lib_init_lc_time_1                  0x00000343   Thumb Code     0  libinit2.o(.ARM.Collect$$libinit$$00000017)
    __rt_lib_init_rand_1                     0x00000343   Thumb Code     0  libinit2.o(.ARM.Collect$$libinit$$0000000C)
    __rt_lib_init_return                     0x00000343   Thumb Code     0  libinit2.o(.ARM.Collect$$libinit$$00000031)
    __rt_lib_init_signal_1                   0x00000343   Thumb Code     0  libinit2.o(.ARM.Collect$$libinit$$0000001B)
    __rt_lib_init_stdio_1                    0x00000343   Thumb Code     0  libinit2.o(.ARM.Collect$$libinit$$00000023)
    __rt_lib_init_user_alloc_1               0x00000343   Thumb Code     0  libinit2.o(.ARM.Collect$$libinit$$0000000A)
    __rt_lib_shutdown                        0x00000345   Thumb Code     0  libshutdown.o(.ARM.Collect$$libshutdown$$00000000)
    __rt_lib_shutdown_fp_trap_1              0x00000347   Thumb Code     0  libshutdown2.o(.ARM.Collect$$libshutdown$$00000006)
    __rt_lib_shutdown_heap_1                 0x00000347   Thumb Code     0  libshutdown2.o(.ARM.Collect$$libshutdown$$0000000E)
    __rt_lib_shutdown_return                 0x00000347   Thumb Code     0  libshutdown2.o(.ARM.Collect$$libshutdown$$0000000F)
    __rt_lib_shutdown_signal_1               0x00000347   Thumb Code     0  libshutdown2.o(.ARM.Collect$$libshutdown$$00000009)
    __rt_lib_shutdown_stdio_1                0x00000347   Thumb Code     0  libshutdown2.o(.ARM.Collect$$libshutdown$$00000003)
    __rt_lib_shutdown_user_alloc_1           0x00000347   Thumb Code     0  libshutdown2.o(.ARM.Collect$$libshutdown$$0000000B)
    __rt_entry                               0x00000349   Thumb Code     0  rtentry.o(.ARM.Collect$$rtentry$$00000000)
    __rt_entry_presh_1                       0x00000349   Thumb Code     0  rtentry2.o(.ARM.Collect$$rtentry$$00000002)
    __rt_entry_sh                            0x00000349   Thumb Code     0  rtentry4.o(.ARM.Collect$$rtentry$$00000004)
    __rt_entry_li                            0x0000034f   Thumb Code     0  rtentry2.o(.ARM.Collect$$rtentry$$0000000A)
    __rt_entry_postsh_1                      0x0000034f   Thumb Code     0  rtentry2.o(.ARM.Collect$$rtentry$$00000009)
    __rt_entry_main                          0x00000353   Thumb Code     0  rtentry2.o(.ARM.Collect$$rtentry$$0000000D)
    __rt_entry_postli_1                      0x00000353   Thumb Code     0  rtentry2.o(.ARM.Collect$$rtentry$$0000000C)
    __rt_exit                                0x0000035b   Thumb Code     0  rtexit.o(.ARM.Collect$$rtexit$$00000000)
    __rt_exit_ls                             0x0000035d   Thumb Code     0  rtexit2.o(.ARM.Collect$$rtexit$$00000003)
    __rt_exit_prels_1                        0x0000035d   Thumb Code     0  rtexit2.o(.ARM.Collect$$rtexit$$00000002)
    __rt_exit_exit                           0x00000361   Thumb Code     0  rtexit2.o(.ARM.Collect$$rtexit$$00000004)
    DisableInterrupts                        0x00000369   Thumb Code     0  startup.o(.text)
    EnableInterrupts                         0x0000036d   Thumb Code     0  startup.o(.text)
    StartCritical                            0x00000371   Thumb Code     0  startup.o(.text)
    EndCritical                              0x00000379   Thumb Code     0  startup.o(.text)
    WaitForInterrupt                         0x0000037f   Thumb Code     0  startup.o(.text)
    __user_initial_stackheap                 0x00000383   Thumb Code     0  startup.o(.text)
    __aeabi_memclr4                          0x00000399   Thumb Code     0  rt_memclr_w.o(.text)
    __aeabi_memclr8                          0x00000399   Thumb Code     0  rt_memclr_w.o(.text)
    __rt_memclr_w                            0x00000399   Thumb Code    78  rt_memclr_w.o(.text)
    _memset_w                                0x0000039d   Thumb Code     0  rt_memclr_w.o(.text)
    __use_two_region_memory                  0x000003e7   Thumb Code     2  heapauxi.o(.text)
    __rt_heap_escrow$2region                 0x000003e9   Thumb Code     2  heapauxi.o(.text)
    __rt_heap_expand$2region                 0x000003eb   Thumb Code     2  heapauxi.o(.text)
    __user_setup_stackheap                   0x000003ed   Thumb Code    74  sys_stackheap_outer.o(.text)
    exit                                     0x00000437   Thumb Code    12  exit.o(.text)
    __user_libspace                          0x00000445   Thumb Code     8  libspace.o(.text)
    __user_perproc_libspace                  0x00000445   Thumb Code     0  libspace.o(.text)
    __user_perthread_libspace                0x00000445   Thumb Code     0  libspace.o(.text)
    _sys_exit                                0x0000044d   Thumb Code     8  sys_exit.o(.text)
    __I$use$semihosting                      0x00000459   Thumb Code     0  use_no_semi.o(.text)
    __use_no_semihosting_swi                 0x00000459   Thumb Code     2  use_no_semi.o(.text)
    __semihosting_library_function           0x0000045b   Thumb Code     0  indicate_semi.o(.text)
    DAC_Init                                 0x00000581   Thumb Code   174  dac.o(i.DAC_Init)
    Delay1ms                                 0x00000645   Thumb Code    32  st7735.o(i.Delay1ms)
    DelayWait10ms                            0x00000665   Thumb Code    32  keypad.o(i.DelayWait10ms)
    GPIOPortF_Handler                        0x00000685   Thumb Code    68  button.o(i.GPIOPortF_Handler)
    Keypad_Init                              0x000006d5   Thumb Code     8  keypad.o(i.Keypad_Init)
    Microphone_Init                          0x000006dd   Thumb Code    18  microphone.o(i.Microphone_Init)
    Music_Play                               0x00000705   Thumb Code    18  speaker.o(i.Music_Play)
    PLL_Init                                 0x0000071d   Thumb Code   118  pll.o(i.PLL_Init)
    PWM0A_Duty                               0x00000799   Thumb Code     8  servo.o(i.PWM0A_Duty)
    PWM0A_Init                               0x000007a5   Thumb Code   158  servo.o(i.PWM0A_Init)
    PortE_Init                               0x0000085d   Thumb Code   106  keypad.o(i.PortE_Init)
    ST7735_DrawCharS                         0x000008d9   Thumb Code   232  st7735.o(i.ST7735_DrawCharS)
    ST7735_DrawPixel                         0x000009cd   Thumb Code    64  st7735.o(i.ST7735_DrawPixel)
    ST7735_DrawString                        0x00000a15   Thumb Code    86  st7735.o(i.ST7735_DrawString)
    ST7735_FillRect                          0x00000a6d   Thumb Code   164  st7735.o(i.ST7735_FillRect)
    ST7735_FillScreen                        0x00000b19   Thumb Code    28  st7735.o(i.ST7735_FillScreen)
    ST7735_InitR                             0x00000b3d   Thumb Code    90  st7735.o(i.ST7735_InitR)
    ST7735_OutChar                           0x00000bb9   Thumb Code   176  st7735.o(i.ST7735_OutChar)
    ST7735_OutString                         0x00000c8d   Thumb Code    24  st7735.o(i.ST7735_OutString)
    ST7735_SetCursor                         0x00000ca5   Thumb Code    22  st7735.o(i.ST7735_SetCursor)
    Serial_Init                              0x00000cc5   Thumb Code   118  serial.o(i.Serial_Init)
    Servo_Init                               0x00000d4d   Thumb Code    16  servo.o(i.Servo_Init)
    ShortWait                                0x00000d5d   Thumb Code    30  keypad.o(i.ShortWait)
    Timer0A_Handler                          0x00000d7d   Thumb Code    78  button.o(i.Timer0A_Handler)
    Timer1A_Handler                          0x00000e35   Thumb Code    20  timer.o(i.Timer1A_Handler)
    Timer1A_Init                             0x00000e51   Thumb Code    94  timer.o(i.Timer1A_Init)
    Timer2A_Arm                              0x00000ec5   Thumb Code    10  timer.o(i.Timer2A_Arm)
    Timer2A_Handler                          0x00000ed5   Thumb Code    20  timer.o(i.Timer2A_Handler)
    Timer3A_Arm                              0x00000ef1   Thumb Code     8  timer.o(i.Timer3A_Arm)
    Timer3A_Handler                          0x00000efd   Thumb Code    20  timer.o(i.Timer3A_Handler)
    doorLock                                 0x000010f5   Thumb Code    12  servo.o(i.doorLock)
    doorUnlock                               0x00001101   Thumb Code    12  servo.o(i.doorUnlock)
    getPins                                  0x0000110d   Thumb Code   392  keypad.o(i.getPins)
    isPassCode                               0x0000129d   Thumb Code    18  keypad.o(i.isPassCode)
    main                                     0x000012b5   Thumb Code   616  main.o(i.main)
    setPassCode                              0x00001675   Thumb Code     6  keypad.o(i.setPassCode)
    whichPin                                 0x00001681   Thumb Code   126  keypad.o(i.whichPin)
    dBfs                                     0x00001d32   Data         512  st7735.o(.constdata)
    Wave                                     0x00001f32   Data         128  speaker.o(.constdata)
    Oboe                                     0x00001fb2   Data         128  speaker.o(.constdata)
    Trumpet                                  0x00002032   Data         128  speaker.o(.constdata)
    Flute                                    0x000020b2   Data         128  speaker.o(.constdata)
    Guitar                                   0x00002132   Data         128  speaker.o(.constdata)
    Region$$Table$$Base                      0x000021f4   Number         0  anon$$obj.o(Region$$Table)
    Region$$Table$$Limit                     0x00002214   Number         0  anon$$obj.o(Region$$Table)
    StX                                      0x20000000   Data           4  st7735.o(.data)
    StY                                      0x20000004   Data           4  st7735.o(.data)
    StTextColor                              0x20000008   Data           2  st7735.o(.data)
    lastj                                    0x20000010   Data           4  st7735.o(.data)
    Messageindex                             0x20000018   Data           4  st7735.o(.data)
    Ymax                                     0x2000001c   Data           4  st7735.o(.data)
    Ymin                                     0x20000020   Data           4  st7735.o(.data)
    X                                        0x20000024   Data           4  st7735.o(.data)
    Yrange                                   0x20000028   Data           4  st7735.o(.data)
    majorscale_melody                        0x2000002c   Data          32  speaker.o(.data)
    majorscale_harmony                       0x2000004c   Data          32  speaker.o(.data)
    sos_melody                               0x2000006c   Data         720  speaker.o(.data)
    sos_harmony                              0x2000033c   Data         692  speaker.o(.data)
    song                                     0x200005f0   Data          28  speaker.o(.data)
    musicPlaying                             0x20000644   Data           4  speaker.o(.data)
    songEnd                                  0x20000648   Data           4  speaker.o(.data)
    voiceVal                                 0x20000670   Data           4  microphone.o(.data)
    lockCode                                 0x20000674   Data           4  keypad.o(.data)
    stages                                   0x20000678   Data         260  main.o(.data)
    curStage                                 0x2000077c   Data           1  main.o(.data)
    __libspace_start                         0x20000780   Data          96  libspace.o(.bss)
    __temporary_stack_top$libspace           0x200007e0   Data           0  libspace.o(.bss)



==============================================================================

Memory Map of the image

  Image Entry point : 0x0000026d

  Load Region LR_1 (Base: 0x00000000, Size: 0x00002994, Max: 0xffffffff, ABSOLUTE, COMPRESSED[0x000023dc])

    Execution Region ER_RO (Base: 0x00000000, Size: 0x00002214, Max: 0xffffffff, ABSOLUTE)

    Base Addr    Size         Type   Attr      Idx    E Section Name        Object

    0x00000000   0x00000284   Code   RO          672  * RESET               startup.o
    0x00000284   0x00000008   Code   RO          902  * !!!main             c_w.l(__main.o)
    0x0000028c   0x00000034   Code   RO         1058    !!!scatter          c_w.l(__scatter.o)
    0x000002c0   0x00000064   Code   RO         1056    !!dclz77c           c_w.l(__dclz77c.o)
    0x00000324   0x0000001c   Code   RO         1060    !!handler_zi        c_w.l(__scatter_zi.o)
    0x00000340   0x00000002   Code   RO          929    .ARM.Collect$$libinit$$00000000  c_w.l(libinit.o)
    0x00000342   0x00000000   Code   RO          936    .ARM.Collect$$libinit$$00000002  c_w.l(libinit2.o)
    0x00000342   0x00000000   Code   RO          939    .ARM.Collect$$libinit$$00000008  c_w.l(libinit2.o)
    0x00000342   0x00000000   Code   RO          941    .ARM.Collect$$libinit$$0000000A  c_w.l(libinit2.o)
    0x00000342   0x00000000   Code   RO          943    .ARM.Collect$$libinit$$0000000C  c_w.l(libinit2.o)
    0x00000342   0x00000000   Code   RO          946    .ARM.Collect$$libinit$$0000000F  c_w.l(libinit2.o)
    0x00000342   0x00000000   Code   RO          948    .ARM.Collect$$libinit$$00000011  c_w.l(libinit2.o)
    0x00000342   0x00000000   Code   RO          950    .ARM.Collect$$libinit$$00000013  c_w.l(libinit2.o)
    0x00000342   0x00000000   Code   RO          952    .ARM.Collect$$libinit$$00000015  c_w.l(libinit2.o)
    0x00000342   0x00000000   Code   RO          954    .ARM.Collect$$libinit$$00000017  c_w.l(libinit2.o)
    0x00000342   0x00000000   Code   RO          956    .ARM.Collect$$libinit$$00000019  c_w.l(libinit2.o)
    0x00000342   0x00000000   Code   RO          958    .ARM.Collect$$libinit$$0000001B  c_w.l(libinit2.o)
    0x00000342   0x00000000   Code   RO          960    .ARM.Collect$$libinit$$0000001D  c_w.l(libinit2.o)
    0x00000342   0x00000000   Code   RO          962    .ARM.Collect$$libinit$$0000001F  c_w.l(libinit2.o)
    0x00000342   0x00000000   Code   RO          964    .ARM.Collect$$libinit$$00000021  c_w.l(libinit2.o)
    0x00000342   0x00000000   Code   RO          966    .ARM.Collect$$libinit$$00000023  c_w.l(libinit2.o)
    0x00000342   0x00000000   Code   RO          970    .ARM.Collect$$libinit$$0000002A  c_w.l(libinit2.o)
    0x00000342   0x00000000   Code   RO          972    .ARM.Collect$$libinit$$0000002C  c_w.l(libinit2.o)
    0x00000342   0x00000000   Code   RO          974    .ARM.Collect$$libinit$$0000002E  c_w.l(libinit2.o)
    0x00000342   0x00000000   Code   RO          976    .ARM.Collect$$libinit$$00000030  c_w.l(libinit2.o)
    0x00000342   0x00000002   Code   RO          977    .ARM.Collect$$libinit$$00000031  c_w.l(libinit2.o)
    0x00000344   0x00000002   Code   RO          997    .ARM.Collect$$libshutdown$$00000000  c_w.l(libshutdown.o)
    0x00000346   0x00000000   Code   RO         1011    .ARM.Collect$$libshutdown$$00000003  c_w.l(libshutdown2.o)
    0x00000346   0x00000000   Code   RO         1014    .ARM.Collect$$libshutdown$$00000006  c_w.l(libshutdown2.o)
    0x00000346   0x00000000   Code   RO         1017    .ARM.Collect$$libshutdown$$00000009  c_w.l(libshutdown2.o)
    0x00000346   0x00000000   Code   RO         1019    .ARM.Collect$$libshutdown$$0000000B  c_w.l(libshutdown2.o)
    0x00000346   0x00000000   Code   RO         1022    .ARM.Collect$$libshutdown$$0000000E  c_w.l(libshutdown2.o)
    0x00000346   0x00000002   Code   RO         1023    .ARM.Collect$$libshutdown$$0000000F  c_w.l(libshutdown2.o)
    0x00000348   0x00000000   Code   RO          904    .ARM.Collect$$rtentry$$00000000  c_w.l(rtentry.o)
    0x00000348   0x00000000   Code   RO          906    .ARM.Collect$$rtentry$$00000002  c_w.l(rtentry2.o)
    0x00000348   0x00000006   Code   RO          918    .ARM.Collect$$rtentry$$00000004  c_w.l(rtentry4.o)
    0x0000034e   0x00000000   Code   RO          908    .ARM.Collect$$rtentry$$00000009  c_w.l(rtentry2.o)
    0x0000034e   0x00000004   Code   RO          909    .ARM.Collect$$rtentry$$0000000A  c_w.l(rtentry2.o)
    0x00000352   0x00000000   Code   RO          911    .ARM.Collect$$rtentry$$0000000C  c_w.l(rtentry2.o)
    0x00000352   0x00000008   Code   RO          912    .ARM.Collect$$rtentry$$0000000D  c_w.l(rtentry2.o)
    0x0000035a   0x00000002   Code   RO          933    .ARM.Collect$$rtexit$$00000000  c_w.l(rtexit.o)
    0x0000035c   0x00000000   Code   RO          979    .ARM.Collect$$rtexit$$00000002  c_w.l(rtexit2.o)
    0x0000035c   0x00000004   Code   RO          980    .ARM.Collect$$rtexit$$00000003  c_w.l(rtexit2.o)
    0x00000360   0x00000006   Code   RO          981    .ARM.Collect$$rtexit$$00000004  c_w.l(rtexit2.o)
    0x00000366   0x00000002   PAD
    0x00000368   0x00000030   Code   RO          673    .text               startup.o
    0x00000398   0x0000004e   Code   RO          898    .text               c_w.l(rt_memclr_w.o)
    0x000003e6   0x00000006   Code   RO          900    .text               c_w.l(heapauxi.o)
    0x000003ec   0x0000004a   Code   RO          920    .text               c_w.l(sys_stackheap_outer.o)
    0x00000436   0x0000000c   Code   RO          922    .text               c_w.l(exit.o)
    0x00000442   0x00000002   PAD
    0x00000444   0x00000008   Code   RO          930    .text               c_w.l(libspace.o)
    0x0000044c   0x0000000c   Code   RO          989    .text               c_w.l(sys_exit.o)
    0x00000458   0x00000002   Code   RO         1000    .text               c_w.l(use_no_semi.o)
    0x0000045a   0x00000000   Code   RO         1002    .text               c_w.l(indicate_semi.o)
    0x0000045a   0x00000002   PAD
    0x0000045c   0x0000002c   Code   RO          722    i.ADC0_InSeq3       microphone.o
    0x00000488   0x000000f8   Code   RO          723    i.ADC0_InitSWTriggerSeq3_Ch11  microphone.o
    0x00000580   0x000000c4   Code   RO          760    i.DAC_Init          dac.o
    0x00000644   0x00000020   Code   RO            1    i.Delay1ms          st7735.o
    0x00000664   0x00000020   Code   RO          778    i.DelayWait10ms     keypad.o
    0x00000684   0x00000050   Code   RO          358    i.GPIOPortF_Handler  button.o
    0x000006d4   0x00000008   Code   RO          779    i.Keypad_Init       keypad.o
    0x000006dc   0x00000018   Code   RO          725    i.Microphone_Init   microphone.o
    0x000006f4   0x00000010   Code   RO          726    i.Microphone_Sample  microphone.o
    0x00000704   0x00000018   Code   RO          287    i.Music_Play        speaker.o
    0x0000071c   0x0000007c   Code   RO          404    i.PLL_Init          pll.o
    0x00000798   0x0000000c   Code   RO          835    i.PWM0A_Duty        servo.o
    0x000007a4   0x000000b8   Code   RO          836    i.PWM0A_Init        servo.o
    0x0000085c   0x0000007c   Code   RO          780    i.PortE_Init        keypad.o
    0x000008d8   0x000000f4   Code   RO           10    i.ST7735_DrawCharS  st7735.o
    0x000009cc   0x00000048   Code   RO           13    i.ST7735_DrawPixel  st7735.o
    0x00000a14   0x00000056   Code   RO           14    i.ST7735_DrawString  st7735.o
    0x00000a6a   0x00000002   PAD
    0x00000a6c   0x000000ac   Code   RO           15    i.ST7735_FillRect   st7735.o
    0x00000b18   0x00000024   Code   RO           16    i.ST7735_FillScreen  st7735.o
    0x00000b3c   0x0000007c   Code   RO           18    i.ST7735_InitR      st7735.o
    0x00000bb8   0x000000d4   Code   RO           20    i.ST7735_OutChar    st7735.o
    0x00000c8c   0x00000018   Code   RO           21    i.ST7735_OutString  st7735.o
    0x00000ca4   0x00000020   Code   RO           31    i.ST7735_SetCursor  st7735.o
    0x00000cc4   0x00000088   Code   RO          681    i.Serial_Init       serial.o
    0x00000d4c   0x00000010   Code   RO          837    i.Servo_Init        servo.o
    0x00000d5c   0x0000001e   Code   RO          781    i.ShortWait         keypad.o
    0x00000d7a   0x00000002   PAD
    0x00000d7c   0x0000006c   Code   RO          360    i.Timer0A_Handler   button.o
    0x00000de8   0x0000004c   Code   RO          361    i.Timer0Arm         button.o
    0x00000e34   0x0000001c   Code   RO          416    i.Timer1A_Handler   timer.o
    0x00000e50   0x00000074   Code   RO          417    i.Timer1A_Init      timer.o
    0x00000ec4   0x00000010   Code   RO          508    i.Timer2A_Arm       timer.o
    0x00000ed4   0x0000001c   Code   RO          418    i.Timer2A_Handler   timer.o
    0x00000ef0   0x0000000c   Code   RO          538    i.Timer3A_Arm       timer.o
    0x00000efc   0x0000001c   Code   RO          420    i.Timer3A_Handler   timer.o
    0x00000f18   0x00000056   Code   RO           35    i.commandList       st7735.o
    0x00000f6e   0x00000002   PAD
    0x00000f70   0x00000184   Code   RO           36    i.commonInit        st7735.o
    0x000010f4   0x0000000c   Code   RO          838    i.doorLock          servo.o
    0x00001100   0x0000000c   Code   RO          839    i.doorUnlock        servo.o
    0x0000110c   0x00000190   Code   RO          782    i.getPins           keypad.o
    0x0000129c   0x00000018   Code   RO          783    i.isPassCode        keypad.o
    0x000012b4   0x00000338   Code   RO          871    i.main              main.o
    0x000015ec   0x00000012   Code   RO           41    i.pushColor         st7735.o
    0x000015fe   0x00000002   PAD
    0x00001600   0x00000074   Code   RO           42    i.setAddrWindow     st7735.o
    0x00001674   0x0000000c   Code   RO          784    i.setPassCode       keypad.o
    0x00001680   0x0000007e   Code   RO          785    i.whichPin          keypad.o
    0x000016fe   0x00000002   PAD
    0x00001700   0x00000030   Code   RO           43    i.writecommand      st7735.o
    0x00001730   0x00000020   Code   RO           44    i.writedata         st7735.o
    0x00001750   0x000007e2   Data   RO           46    .constdata          st7735.o
    0x00001f32   0x00000280   Data   RO          294    .constdata          speaker.o
    0x000021b2   0x0000001f   Data   RO          295    .conststring        speaker.o
    0x000021d1   0x00000020   Data   RO          872    .conststring        main.o
    0x000021f1   0x00000003   PAD
    0x000021f4   0x00000020   Data   RO         1054    Region$$Table       anon$$obj.o


    Execution Region ER_RW (Base: 0x20000000, Size: 0x00000780, Max: 0xffffffff, ABSOLUTE, COMPRESSED[0x000001c8])

    Base Addr    Size         Type   Attr      Idx    E Section Name        Object

    0x20000000   0x0000002c   Data   RW           47    .data               st7735.o
    0x2000002c   0x00000630   Data   RW          296    .data               speaker.o
    0x2000065c   0x00000008   Data   RW          362    .data               button.o
    0x20000664   0x0000000c   Data   RW          422    .data               timer.o
    0x20000670   0x00000004   Data   RW          727    .data               microphone.o
    0x20000674   0x00000004   Data   RW          786    .data               keypad.o
    0x20000678   0x00000105   Data   RW          873    .data               main.o


    Execution Region ER_ZI (Base: 0x20000780, Size: 0x00000460, Max: 0xffffffff, ABSOLUTE)

    Base Addr    Size         Type   Attr      Idx    E Section Name        Object

    0x20000780   0x00000060   Zero   RW          931    .bss                c_w.l(libspace.o)
    0x200007e0   0x00000000   Zero   RW          671    HEAP                startup.o
    0x200007e0   0x00000400   Zero   RW          670    STACK               startup.o


==============================================================================

Image component sizes


      Code (inc. data)   RO Data    RW Data    ZI Data      Debug   Object Name

       264         58          0          8          0       1298   button.o
       196         22          0          0          0        383   dac.o
       756         38          0          4          0       4118   keypad.o
       824        214         32        261          0       2229   main.o
       332         46          0          4          0       1661   microphone.o
       124          6          0          0          0        407   pll.o
       136         18          0          0          0        382   serial.o
       236         30          0          0          0       1907   servo.o
        24          6        671       1584          0       3148   speaker.o
      1722        190       2018         44          0      16262   st7735.o
       692        632          0          0       1024        884   startup.o
       228         56          0         12          0       3619   timer.o

    ----------------------------------------------------------------------
      5544       1316       2756       1920       1024      36298   Object Totals
         0          0         32          0          0          0   (incl. Generated)
        10          0          3          3          0          0   (incl. Padding)

    ----------------------------------------------------------------------

      Code (inc. data)   RO Data    RW Data    ZI Data      Debug   Library Member Name

       100          0          0          0          0          0   __dclz77c.o
         8          0          0          0          0         68   __main.o
        52          8          0          0          0          0   __scatter.o
        28          0          0          0          0          0   __scatter_zi.o
        12          0          0          0          0         72   exit.o
         6          0          0          0          0        152   heapauxi.o
         0          0          0          0          0          0   indicate_semi.o
         2          0          0          0          0          0   libinit.o
         2          0          0          0          0          0   libinit2.o
         2          0          0          0          0          0   libshutdown.o
         2          0          0          0          0          0   libshutdown2.o
         8          4          0          0         96         68   libspace.o
        78          0          0          0          0         80   rt_memclr_w.o
         0          0          0          0          0          0   rtentry.o
        12          0          0          0          0          0   rtentry2.o
         6          0          0          0          0          0   rtentry4.o
         2          0          0          0          0          0   rtexit.o
        10          0          0          0          0          0   rtexit2.o
        12          4          0          0          0         68   sys_exit.o
        74          0          0          0          0         80   sys_stackheap_outer.o
         2          0          0          0          0         68   use_no_semi.o

    ----------------------------------------------------------------------
       424         16          0          0         96        656   Library Totals
         6          0          0          0          0          0   (incl. Padding)

    ----------------------------------------------------------------------

      Code (inc. data)   RO Data    RW Data    ZI Data      Debug   Library Name

       418         16          0          0         96        656   c_w.l

    ----------------------------------------------------------------------
       424         16          0          0         96        656   Library Totals

    ----------------------------------------------------------------------

==============================================================================


      Code (inc. data)   RO Data    RW Data    ZI Data      Debug   

      5968       1332       2756       1920       1120      34302   Grand Totals
      5968       1332       2756        456       1120      34302   ELF Image Totals (compressed)
      5968       1332       2756        456          0          0   ROM Totals

==============================================================================

    Total RO  Size (Code + RO Data)                 8724 (   8.52kB)
    Total RW  Size (RW Data + ZI Data)              3040 (   2.97kB)
    Total ROM Size (Code + RO Data + RW Data)       9180 (   8.96kB)

==============================================================================

