ARM Linker, 5.03 [Build 76] [MDK-ARM Professional]

==============================================================================

Section Cross References

    st7735.o(i.Output_Clear) refers to st7735.o(i.ST7735_FillScreen) for ST7735_FillScreen
    st7735.o(i.Output_Color) refers to st7735.o(i.ST7735_SetTextColor) for ST7735_SetTextColor
    st7735.o(i.Output_Init) refers to st7735.o(i.ST7735_InitR) for ST7735_InitR
    st7735.o(i.Output_Init) refers to st7735.o(i.ST7735_FillScreen) for ST7735_FillScreen
    st7735.o(i.Output_Off) refers to st7735.o(i.Output_Clear) for Output_Clear
    st7735.o(i.Output_On) refers to st7735.o(i.Output_Init) for Output_Init
    st7735.o(i.ST7735_DrawBitmap) refers to st7735.o(i.setAddrWindow) for setAddrWindow
    st7735.o(i.ST7735_DrawBitmap) refers to st7735.o(i.writedata) for writedata
    st7735.o(i.ST7735_DrawBitmap) refers to st7735.o(.data) for _width
    st7735.o(i.ST7735_DrawChar) refers to st7735.o(i.setAddrWindow) for setAddrWindow
    st7735.o(i.ST7735_DrawChar) refers to st7735.o(i.pushColor) for pushColor
    st7735.o(i.ST7735_DrawChar) refers to st7735.o(.data) for _width
    st7735.o(i.ST7735_DrawChar) refers to st7735.o(.constdata) for Font
    st7735.o(i.ST7735_DrawCharS) refers to st7735.o(i.ST7735_DrawPixel) for ST7735_DrawPixel
    st7735.o(i.ST7735_DrawCharS) refers to st7735.o(i.ST7735_FillRect) for ST7735_FillRect
    st7735.o(i.ST7735_DrawCharS) refers to st7735.o(.data) for _width
    st7735.o(i.ST7735_DrawCharS) refers to st7735.o(.constdata) for Font
    st7735.o(i.ST7735_DrawFastHLine) refers to st7735.o(i.setAddrWindow) for setAddrWindow
    st7735.o(i.ST7735_DrawFastHLine) refers to st7735.o(i.writedata) for writedata
    st7735.o(i.ST7735_DrawFastHLine) refers to st7735.o(.data) for _width
    st7735.o(i.ST7735_DrawFastVLine) refers to st7735.o(i.setAddrWindow) for setAddrWindow
    st7735.o(i.ST7735_DrawFastVLine) refers to st7735.o(i.writedata) for writedata
    st7735.o(i.ST7735_DrawFastVLine) refers to st7735.o(.data) for _width
    st7735.o(i.ST7735_DrawPixel) refers to st7735.o(i.setAddrWindow) for setAddrWindow
    st7735.o(i.ST7735_DrawPixel) refers to st7735.o(i.pushColor) for pushColor
    st7735.o(i.ST7735_DrawPixel) refers to st7735.o(.data) for _width
    st7735.o(i.ST7735_DrawString) refers to st7735.o(i.ST7735_DrawCharS) for ST7735_DrawCharS
    st7735.o(i.ST7735_FillRect) refers to st7735.o(i.setAddrWindow) for setAddrWindow
    st7735.o(i.ST7735_FillRect) refers to st7735.o(i.writedata) for writedata
    st7735.o(i.ST7735_FillRect) refers to st7735.o(.data) for _width
    st7735.o(i.ST7735_FillScreen) refers to st7735.o(i.ST7735_FillRect) for ST7735_FillRect
    st7735.o(i.ST7735_FillScreen) refers to st7735.o(.data) for _height
    st7735.o(i.ST7735_InitB) refers to st7735.o(i.commonInit) for commonInit
    st7735.o(i.ST7735_InitB) refers to st7735.o(i.ST7735_SetCursor) for ST7735_SetCursor
    st7735.o(i.ST7735_InitB) refers to st7735.o(i.ST7735_FillScreen) for ST7735_FillScreen
    st7735.o(i.ST7735_InitB) refers to st7735.o(.constdata) for Bcmd
    st7735.o(i.ST7735_InitB) refers to st7735.o(.data) for StTextColor
    st7735.o(i.ST7735_InitR) refers to st7735.o(i.commonInit) for commonInit
    st7735.o(i.ST7735_InitR) refers to st7735.o(i.commandList) for commandList
    st7735.o(i.ST7735_InitR) refers to st7735.o(i.writecommand) for writecommand
    st7735.o(i.ST7735_InitR) refers to st7735.o(i.writedata) for writedata
    st7735.o(i.ST7735_InitR) refers to st7735.o(i.ST7735_SetCursor) for ST7735_SetCursor
    st7735.o(i.ST7735_InitR) refers to st7735.o(i.ST7735_FillScreen) for ST7735_FillScreen
    st7735.o(i.ST7735_InitR) refers to st7735.o(.constdata) for Rcmd1
    st7735.o(i.ST7735_InitR) refers to st7735.o(.data) for ColStart
    st7735.o(i.ST7735_InvertDisplay) refers to st7735.o(i.writecommand) for writecommand
    st7735.o(i.ST7735_OutChar) refers to st7735.o(i.ST7735_DrawString) for ST7735_DrawString
    st7735.o(i.ST7735_OutChar) refers to st7735.o(i.ST7735_DrawCharS) for ST7735_DrawCharS
    st7735.o(i.ST7735_OutChar) refers to st7735.o(.data) for StY
    st7735.o(i.ST7735_OutString) refers to st7735.o(i.ST7735_OutChar) for ST7735_OutChar
    st7735.o(i.ST7735_OutUDec) refers to st7735.o(i.fillmessage) for fillmessage
    st7735.o(i.ST7735_OutUDec) refers to st7735.o(i.ST7735_DrawString) for ST7735_DrawString
    st7735.o(i.ST7735_OutUDec) refers to st7735.o(i.ST7735_DrawCharS) for ST7735_DrawCharS
    st7735.o(i.ST7735_OutUDec) refers to st7735.o(.data) for Messageindex
    st7735.o(i.ST7735_OutUDec) refers to st7735.o(.bss) for Message
    st7735.o(i.ST7735_PlotBar) refers to st7735.o(i.ST7735_DrawFastVLine) for ST7735_DrawFastVLine
    st7735.o(i.ST7735_PlotBar) refers to st7735.o(.data) for Ymin
    st7735.o(i.ST7735_PlotClear) refers to st7735.o(i.ST7735_Color565) for ST7735_Color565
    st7735.o(i.ST7735_PlotClear) refers to st7735.o(i.ST7735_FillRect) for ST7735_FillRect
    st7735.o(i.ST7735_PlotClear) refers to st7735.o(.data) for Ymax
    st7735.o(i.ST7735_PlotLine) refers to st7735.o(i.ST7735_DrawPixel) for ST7735_DrawPixel
    st7735.o(i.ST7735_PlotLine) refers to st7735.o(.data) for Ymin
    st7735.o(i.ST7735_PlotNext) refers to st7735.o(.data) for X
    st7735.o(i.ST7735_PlotNextErase) refers to st7735.o(i.ST7735_Color565) for ST7735_Color565
    st7735.o(i.ST7735_PlotNextErase) refers to st7735.o(i.ST7735_DrawFastVLine) for ST7735_DrawFastVLine
    st7735.o(i.ST7735_PlotNextErase) refers to st7735.o(.data) for X
    st7735.o(i.ST7735_PlotPoint) refers to st7735.o(i.ST7735_DrawPixel) for ST7735_DrawPixel
    st7735.o(i.ST7735_PlotPoint) refers to st7735.o(.data) for Ymin
    st7735.o(i.ST7735_PlotPoints) refers to st7735.o(i.ST7735_DrawPixel) for ST7735_DrawPixel
    st7735.o(i.ST7735_PlotPoints) refers to st7735.o(.data) for Ymin
    st7735.o(i.ST7735_PlotdBfs) refers to st7735.o(i.ST7735_DrawFastVLine) for ST7735_DrawFastVLine
    st7735.o(i.ST7735_PlotdBfs) refers to st7735.o(.constdata) for dBfs
    st7735.o(i.ST7735_PlotdBfs) refers to st7735.o(.data) for X
    st7735.o(i.ST7735_SetCursor) refers to st7735.o(.data) for StX
    st7735.o(i.ST7735_SetRotation) refers to st7735.o(i.writecommand) for writecommand
    st7735.o(i.ST7735_SetRotation) refers to st7735.o(i.writedata) for writedata
    st7735.o(i.ST7735_SetRotation) refers to st7735.o(.data) for Rotation
    st7735.o(i.ST7735_SetTextColor) refers to st7735.o(.data) for StTextColor
    st7735.o(i.commandList) refers to st7735.o(i.writecommand) for writecommand
    st7735.o(i.commandList) refers to st7735.o(i.writedata) for writedata
    st7735.o(i.commandList) refers to st7735.o(i.Delay1ms) for Delay1ms
    st7735.o(i.commonInit) refers to st7735.o(i.Delay1ms) for Delay1ms
    st7735.o(i.commonInit) refers to st7735.o(i.commandList) for commandList
    st7735.o(i.commonInit) refers to st7735.o(.data) for RowStart
    st7735.o(i.fillmessage) refers to st7735.o(.bss) for Message
    st7735.o(i.fillmessage) refers to st7735.o(.data) for Messageindex
    st7735.o(i.fputc) refers to st7735.o(i.ST7735_OutChar) for ST7735_OutChar
    st7735.o(i.pushColor) refers to st7735.o(i.writedata) for writedata
    st7735.o(i.setAddrWindow) refers to st7735.o(i.writecommand) for writecommand
    st7735.o(i.setAddrWindow) refers to st7735.o(i.writedata) for writedata
    st7735.o(i.setAddrWindow) refers to st7735.o(.data) for ColStart
    speaker.o(i.Music_ChangeIntrument) refers to st7735.o(i.Output_Clear) for Output_Clear
    speaker.o(i.Music_ChangeIntrument) refers to st7735.o(i.ST7735_DrawString) for ST7735_DrawString
    speaker.o(i.Music_ChangeIntrument) refers to speaker.o(.data) for curInstrument
    speaker.o(i.Music_Pause) refers to timer.o(i.Timer2A_Disarm) for Timer2A_Disarm
    speaker.o(i.Music_Pause) refers to timer.o(i.Timer3A_Disarm) for Timer3A_Disarm
    speaker.o(i.Music_Pause) refers to speaker.o(.data) for musicPlaying
    speaker.o(i.Music_Play) refers to timer.o(i.Timer2A_Arm) for Timer2A_Arm
    speaker.o(i.Music_Play) refers to timer.o(i.Timer3A_Arm) for Timer3A_Arm
    speaker.o(i.Music_Play) refers to speaker.o(.data) for musicPlaying
    speaker.o(i.Music_Rewind) refers to speaker.o(i.Music_Pause) for Music_Pause
    speaker.o(i.Music_Rewind) refers to speaker.o(i.getNoteDuration) for getNoteDuration
    speaker.o(i.Music_Rewind) refers to timer.o(i.Timer2A_Period) for Timer2A_Period
    speaker.o(i.Music_Rewind) refers to timer.o(i.Timer3A_Period) for Timer3A_Period
    speaker.o(i.Music_Rewind) refers to speaker.o(i.Music_Play) for Music_Play
    speaker.o(i.Music_Rewind) refers to speaker.o(.data) for song
    speaker.o(i.Speaker_Init) refers to speaker.o(i.getNoteDuration) for getNoteDuration
    speaker.o(i.Speaker_Init) refers to timer.o(i.Timer2A_Init) for Timer2A_Init
    speaker.o(i.Speaker_Init) refers to timer.o(i.Timer3A_Init) for Timer3A_Init
    speaker.o(i.Speaker_Init) refers to speaker.o(.data) for song
    speaker.o(i.Speaker_Init) refers to speaker.o(i.melody_handler) for melody_handler
    speaker.o(i.Speaker_Init) refers to speaker.o(i.harmony_handler) for harmony_handler
    speaker.o(i.getNoteDuration) refers to speaker.o(i.getBeatDuration) for getBeatDuration
    speaker.o(i.harmony_handler) refers to dac.o(i.DAC_Out) for DAC_Out
    speaker.o(i.harmony_handler) refers to speaker.o(i.getNoteDuration) for getNoteDuration
    speaker.o(i.harmony_handler) refers to timer.o(i.Timer3A_Disarm) for Timer3A_Disarm
    speaker.o(i.harmony_handler) refers to timer.o(i.Timer3A_Period) for Timer3A_Period
    speaker.o(i.harmony_handler) refers to speaker.o(.data) for song
    speaker.o(i.melody_handler) refers to dac.o(i.DAC_Out) for DAC_Out
    speaker.o(i.melody_handler) refers to speaker.o(i.getNoteDuration) for getNoteDuration
    speaker.o(i.melody_handler) refers to timer.o(i.Timer2A_Disarm) for Timer2A_Disarm
    speaker.o(i.melody_handler) refers to timer.o(i.Timer2A_Period) for Timer2A_Period
    speaker.o(i.melody_handler) refers to speaker.o(.data) for song
    speaker.o(.data) refers to speaker.o(.constdata) for Wave
    speaker.o(.data) refers to speaker.o(.conststring) for .conststring
    button.o(i.ButtonInit) refers to button.o(i.PortF_Init) for PortF_Init
    button.o(i.ButtonInit) refers to button.o(i.EdgeInterrupt_Init) for EdgeInterrupt_Init
    button.o(i.EdgeInterrupt_Init) refers to button.o(.data) for last4
    button.o(i.GPIOPortF_Handler) refers to button.o(i.Timer0Arm) for Timer0Arm
    button.o(i.GPIOPortF_Handler) refers to button.o(.data) for last4
    button.o(i.Timer0A_Handler) refers to button.o(.data) for last4
    timer.o(i.Timer1A_Handler) refers to timer.o(.data) for Task1
    timer.o(i.Timer1A_Init) refers to startup.o(.text) for StartCritical
    timer.o(i.Timer1A_Init) refers to timer.o(.data) for Task1
    timer.o(i.Timer2A_Handler) refers to timer.o(.data) for Task2
    timer.o(i.Timer2A_Init) refers to startup.o(.text) for StartCritical
    timer.o(i.Timer2A_Init) refers to timer.o(.data) for Task2
    timer.o(i.Timer3A_Handler) refers to timer.o(.data) for Task3
    timer.o(i.Timer3A_Init) refers to startup.o(.text) for StartCritical
    timer.o(i.Timer3A_Init) refers to timer.o(.data) for Task3
    motiondetect.o(i.MotionDetect_Init) refers to motiondetect.o(i.UART_Init) for UART_Init
    motiondetect.o(i.MotionDetect_Init) refers to serial.o(i.Serial_OutString) for Serial_OutString
    motiondetect.o(i.MotionDetect_Init) refers to motiondetect.o(i.reset) for reset
    motiondetect.o(i.flush) refers to motiondetect.o(i.readResponse) for readResponse
    motiondetect.o(i.getVersion) refers to motiondetect.o(i.sendCommand) for sendCommand
    motiondetect.o(i.getVersion) refers to motiondetect.o(i.readResponse) for readResponse
    motiondetect.o(i.getVersion) refers to motiondetect.o(i.printBuff) for printBuff
    motiondetect.o(i.getVersion) refers to motiondetect.o(i.verifyResponse) for verifyResponse
    motiondetect.o(i.getVersion) refers to motiondetect.o(.bss) for cameraBuff
    motiondetect.o(i.getVersion) refers to motiondetect.o(.data) for bufferLen
    motiondetect.o(i.printBuff) refers to st7735.o(i.ST7735_OutChar) for ST7735_OutChar
    motiondetect.o(i.printBuff) refers to motiondetect.o(.bss) for cameraBuff
    motiondetect.o(i.printBuff) refers to motiondetect.o(.data) for bufferLen
    motiondetect.o(i.readResponse) refers to motiondetect.o(i.DelayWait1ms) for DelayWait1ms
    motiondetect.o(i.readResponse) refers to serial.o(i.Serial_OutChar) for Serial_OutChar
    motiondetect.o(i.readResponse) refers to motiondetect.o(.data) for bufferLen
    motiondetect.o(i.readResponse) refers to motiondetect.o(.bss) for cameraBuff
    motiondetect.o(i.reset) refers to motiondetect.o(i.flush) for flush
    motiondetect.o(i.reset) refers to motiondetect.o(i.sendCommand) for sendCommand
    motiondetect.o(i.verifyResponse) refers to motiondetect.o(.bss) for cameraBuff
    motiondetect.o(i.verifyResponse) refers to motiondetect.o(.data) for serialNum
    startup.o(STACK) refers (Special) to heapauxi.o(.text) for __use_two_region_memory
    startup.o(HEAP) refers (Special) to heapauxi.o(.text) for __use_two_region_memory
    startup.o(RESET) refers (Special) to heapauxi.o(.text) for __use_two_region_memory
    startup.o(RESET) refers to startup.o(STACK) for StackMem
    startup.o(RESET) refers to button.o(i.Timer0A_Handler) for Timer0A_Handler
    startup.o(RESET) refers to timer.o(i.Timer1A_Handler) for Timer1A_Handler
    startup.o(RESET) refers to timer.o(i.Timer2A_Handler) for Timer2A_Handler
    startup.o(RESET) refers to button.o(i.GPIOPortF_Handler) for GPIOPortF_Handler
    startup.o(RESET) refers to timer.o(i.Timer3A_Handler) for Timer3A_Handler
    startup.o(RESET) refers to __main.o(!!!main) for __main
    startup.o(.text) refers (Special) to heapauxi.o(.text) for __use_two_region_memory
    startup.o(.text) refers to startup.o(HEAP) for HeapMem
    startup.o(.text) refers to startup.o(STACK) for StackMem
    serial.o(i.Serial_OutString) refers to serial.o(i.Serial_OutChar) for Serial_OutChar
    serial.o(i.Serial_OutUDec) refers to serial.o(i.Serial_OutChar) for Serial_OutChar
    microphone.o(i.Microphone_Init) refers to microphone.o(i.ADC0_InitSWTriggerSeq3_Ch11) for ADC0_InitSWTriggerSeq3_Ch11
    microphone.o(i.Microphone_Init) refers to timer.o(i.Timer1A_Init) for Timer1A_Init
    microphone.o(i.Microphone_Init) refers to microphone.o(i.Microphone_Sample) for Microphone_Sample
    microphone.o(i.Microphone_Sample) refers to microphone.o(i.ADC0_InSeq3) for ADC0_InSeq3
    microphone.o(i.Microphone_Sample) refers to microphone.o(.data) for voiceVal
    keypad.o(i.getPins) refers to keypad.o(i.DelayWait10ms) for DelayWait10ms
    keypad.o(i.getPins) refers to keypad.o(i.ShortWait) for ShortWait
    keypad.o(i.isPassCode) refers to keypad.o(.data) for lockCode
    keypad.o(i.keypadInit) refers to keypad.o(i.PortE_Init) for PortE_Init
    servo.o(i.doorLock) refers to servo.o(i.PWM0A_Duty) for PWM0A_Duty
    servo.o(i.doorUnlock) refers to servo.o(i.PWM0A_Duty) for PWM0A_Duty
    servo.o(i.servoInit) refers to servo.o(i.PWM0A_Init) for PWM0A_Init
    __main.o(!!!main) refers to rtentry.o(.ARM.Collect$$rtentry$$00000000) for __rt_entry
    rtentry.o(.ARM.Collect$$rtentry$$00000000) refers (Special) to rtentry2.o(.ARM.Collect$$rtentry$$0000000A) for __rt_entry_li
    rtentry.o(.ARM.Collect$$rtentry$$00000000) refers (Special) to rtentry2.o(.ARM.Collect$$rtentry$$0000000D) for __rt_entry_main
    rtentry.o(.ARM.Collect$$rtentry$$00000000) refers (Special) to rtentry2.o(.ARM.Collect$$rtentry$$0000000C) for __rt_entry_postli_1
    rtentry.o(.ARM.Collect$$rtentry$$00000000) refers (Special) to rtentry2.o(.ARM.Collect$$rtentry$$00000009) for __rt_entry_postsh_1
    rtentry.o(.ARM.Collect$$rtentry$$00000000) refers (Special) to rtentry2.o(.ARM.Collect$$rtentry$$00000002) for __rt_entry_presh_1
    rtentry.o(.ARM.Collect$$rtentry$$00000000) refers (Special) to rtentry4.o(.ARM.Collect$$rtentry$$00000004) for __rt_entry_sh
    rtentry2.o(.ARM.Collect$$rtentry$$00000008) refers to boardinit2.o(.text) for _platform_post_stackheap_init
    rtentry2.o(.ARM.Collect$$rtentry$$0000000A) refers to libinit.o(.ARM.Collect$$libinit$$00000000) for __rt_lib_init
    rtentry2.o(.ARM.Collect$$rtentry$$0000000B) refers to boardinit3.o(.text) for _platform_post_lib_init
    rtentry2.o(.ARM.Collect$$rtentry$$0000000D) refers to exit.o(.text) for exit
    rtentry2.o(.ARM.exidx) refers to rtentry2.o(.ARM.Collect$$rtentry$$00000001) for .ARM.Collect$$rtentry$$00000001
    rtentry2.o(.ARM.exidx) refers to rtentry2.o(.ARM.Collect$$rtentry$$00000008) for .ARM.Collect$$rtentry$$00000008
    rtentry2.o(.ARM.exidx) refers to rtentry2.o(.ARM.Collect$$rtentry$$0000000A) for .ARM.Collect$$rtentry$$0000000A
    rtentry2.o(.ARM.exidx) refers to rtentry2.o(.ARM.Collect$$rtentry$$0000000B) for .ARM.Collect$$rtentry$$0000000B
    rtentry2.o(.ARM.exidx) refers to rtentry2.o(.ARM.Collect$$rtentry$$0000000D) for .ARM.Collect$$rtentry$$0000000D
    rtentry4.o(.ARM.Collect$$rtentry$$00000004) refers to sys_stackheap_outer.o(.text) for __user_setup_stackheap
    rtentry4.o(.ARM.exidx) refers to rtentry4.o(.ARM.Collect$$rtentry$$00000004) for .ARM.Collect$$rtentry$$00000004
    sys_stackheap_outer.o(.text) refers to libspace.o(.text) for __user_perproc_libspace
    sys_stackheap_outer.o(.text) refers to startup.o(.text) for __user_initial_stackheap
    exit.o(.text) refers to rtexit.o(.ARM.Collect$$rtexit$$00000000) for __rt_exit
    libinit.o(.ARM.Collect$$libinit$$00000000) refers (Special) to libinit2.o(.ARM.Collect$$libinit$$0000002C) for __rt_lib_init_alloca_1
    libinit.o(.ARM.Collect$$libinit$$00000000) refers (Special) to libinit2.o(.ARM.Collect$$libinit$$00000025) for __rt_lib_init_argv_1
    libinit.o(.ARM.Collect$$libinit$$00000000) refers (Special) to libinit2.o(.ARM.Collect$$libinit$$00000019) for __rt_lib_init_atexit_1
    libinit.o(.ARM.Collect$$libinit$$00000000) refers (Special) to libinit2.o(.ARM.Collect$$libinit$$0000001F) for __rt_lib_init_clock_1
    libinit.o(.ARM.Collect$$libinit$$00000000) refers (Special) to libinit2.o(.ARM.Collect$$libinit$$00000030) for __rt_lib_init_cpp_1
    libinit.o(.ARM.Collect$$libinit$$00000000) refers (Special) to libinit2.o(.ARM.Collect$$libinit$$0000002E) for __rt_lib_init_exceptions_1
    libinit.o(.ARM.Collect$$libinit$$00000000) refers (Special) to libinit2.o(.ARM.Collect$$libinit$$00000002) for __rt_lib_init_fp_1
    libinit.o(.ARM.Collect$$libinit$$00000000) refers (Special) to libinit2.o(.ARM.Collect$$libinit$$0000001D) for __rt_lib_init_fp_trap_1
    libinit.o(.ARM.Collect$$libinit$$00000000) refers (Special) to libinit2.o(.ARM.Collect$$libinit$$00000021) for __rt_lib_init_getenv_1
    libinit.o(.ARM.Collect$$libinit$$00000000) refers (Special) to libinit2.o(.ARM.Collect$$libinit$$00000008) for __rt_lib_init_heap_1
    libinit.o(.ARM.Collect$$libinit$$00000000) refers (Special) to libinit2.o(.ARM.Collect$$libinit$$0000000F) for __rt_lib_init_lc_collate_1
    libinit.o(.ARM.Collect$$libinit$$00000000) refers (Special) to libinit2.o(.ARM.Collect$$libinit$$00000011) for __rt_lib_init_lc_ctype_1
    libinit.o(.ARM.Collect$$libinit$$00000000) refers (Special) to libinit2.o(.ARM.Collect$$libinit$$00000013) for __rt_lib_init_lc_monetary_1
    libinit.o(.ARM.Collect$$libinit$$00000000) refers (Special) to libinit2.o(.ARM.Collect$$libinit$$00000015) for __rt_lib_init_lc_numeric_1
    libinit.o(.ARM.Collect$$libinit$$00000000) refers (Special) to libinit2.o(.ARM.Collect$$libinit$$00000017) for __rt_lib_init_lc_time_1
    libinit.o(.ARM.Collect$$libinit$$00000000) refers (Special) to libinit2.o(.ARM.Collect$$libinit$$0000000C) for __rt_lib_init_rand_1
    libinit.o(.ARM.Collect$$libinit$$00000000) refers (Special) to libinit2.o(.ARM.Collect$$libinit$$00000031) for __rt_lib_init_return
    libinit.o(.ARM.Collect$$libinit$$00000000) refers (Special) to libinit2.o(.ARM.Collect$$libinit$$0000001B) for __rt_lib_init_signal_1
    libinit.o(.ARM.Collect$$libinit$$00000000) refers (Special) to libinit2.o(.ARM.Collect$$libinit$$00000023) for __rt_lib_init_stdio_1
    libinit.o(.ARM.Collect$$libinit$$00000000) refers (Special) to libinit2.o(.ARM.Collect$$libinit$$0000000A) for __rt_lib_init_user_alloc_1
    libspace.o(.text) refers to libspace.o(.bss) for __libspace_start
    rtexit.o(.ARM.Collect$$rtexit$$00000000) refers (Special) to rtexit2.o(.ARM.Collect$$rtexit$$00000004) for __rt_exit_exit
    rtexit.o(.ARM.Collect$$rtexit$$00000000) refers (Special) to rtexit2.o(.ARM.Collect$$rtexit$$00000003) for __rt_exit_ls
    rtexit.o(.ARM.Collect$$rtexit$$00000000) refers (Special) to rtexit2.o(.ARM.Collect$$rtexit$$00000002) for __rt_exit_prels_1
    rtexit.o(.ARM.exidx) refers (Special) to rtexit2.o(.ARM.Collect$$rtexit$$00000004) for __rt_exit_exit
    rtexit.o(.ARM.exidx) refers (Special) to rtexit2.o(.ARM.Collect$$rtexit$$00000003) for __rt_exit_ls
    rtexit.o(.ARM.exidx) refers (Special) to rtexit2.o(.ARM.Collect$$rtexit$$00000002) for __rt_exit_prels_1
    rtexit.o(.ARM.exidx) refers to rtexit.o(.ARM.Collect$$rtexit$$00000000) for .ARM.Collect$$rtexit$$00000000
    libinit2.o(.ARM.Collect$$libinit$$0000000E) refers to libinit2.o(.ARM.Collect$$libinit$$0000000D) for .ARM.Collect$$libinit$$0000000D
    libinit2.o(.ARM.Collect$$libinit$$00000010) refers to libinit2.o(.ARM.Collect$$libinit$$0000000D) for .ARM.Collect$$libinit$$0000000D
    libinit2.o(.ARM.Collect$$libinit$$00000012) refers to libinit2.o(.ARM.Collect$$libinit$$0000000D) for .ARM.Collect$$libinit$$0000000D
    libinit2.o(.ARM.Collect$$libinit$$00000014) refers to libinit2.o(.ARM.Collect$$libinit$$0000000D) for .ARM.Collect$$libinit$$0000000D
    libinit2.o(.ARM.Collect$$libinit$$00000016) refers to libinit2.o(.ARM.Collect$$libinit$$0000000D) for .ARM.Collect$$libinit$$0000000D
    libinit2.o(.ARM.Collect$$libinit$$00000024) refers to argv_veneer.o(.emb_text) for __ARM_argv_veneer
    libinit2.o(.ARM.Collect$$libinit$$00000025) refers to argv_veneer.o(.emb_text) for __ARM_argv_veneer
    rtexit2.o(.ARM.Collect$$rtexit$$00000003) refers to libshutdown.o(.ARM.Collect$$libshutdown$$00000000) for __rt_lib_shutdown
    rtexit2.o(.ARM.Collect$$rtexit$$00000004) refers to sys_exit.o(.text) for _sys_exit
    rtexit2.o(.ARM.exidx) refers to rtexit2.o(.ARM.Collect$$rtexit$$00000001) for .ARM.Collect$$rtexit$$00000001
    rtexit2.o(.ARM.exidx) refers to rtexit2.o(.ARM.Collect$$rtexit$$00000003) for .ARM.Collect$$rtexit$$00000003
    rtexit2.o(.ARM.exidx) refers to rtexit2.o(.ARM.Collect$$rtexit$$00000004) for .ARM.Collect$$rtexit$$00000004
    argv_veneer.o(.emb_text) refers to _get_argv_nomalloc.o(.text) for __ARM_get_argv
    sys_exit.o(.text) refers (Special) to use_no_semi.o(.text) for __I$use$semihosting
    sys_exit.o(.text) refers (Special) to indicate_semi.o(.text) for __semihosting_library_function
    _get_argv_nomalloc.o(.text) refers (Special) to hrguard.o(.text) for __heap_region$guard
    _get_argv_nomalloc.o(.text) refers to defsig_rtmem_outer.o(.text) for __rt_SIGRTMEM
    _get_argv_nomalloc.o(.text) refers to sys_command.o(.text) for _sys_command_string
    libshutdown.o(.ARM.Collect$$libshutdown$$00000000) refers (Special) to libshutdown2.o(.ARM.Collect$$libshutdown$$00000006) for __rt_lib_shutdown_fp_trap_1
    libshutdown.o(.ARM.Collect$$libshutdown$$00000000) refers (Special) to libshutdown2.o(.ARM.Collect$$libshutdown$$0000000E) for __rt_lib_shutdown_heap_1
    libshutdown.o(.ARM.Collect$$libshutdown$$00000000) refers (Special) to libshutdown2.o(.ARM.Collect$$libshutdown$$0000000F) for __rt_lib_shutdown_return
    libshutdown.o(.ARM.Collect$$libshutdown$$00000000) refers (Special) to libshutdown2.o(.ARM.Collect$$libshutdown$$00000009) for __rt_lib_shutdown_signal_1
    libshutdown.o(.ARM.Collect$$libshutdown$$00000000) refers (Special) to libshutdown2.o(.ARM.Collect$$libshutdown$$00000003) for __rt_lib_shutdown_stdio_1
    libshutdown.o(.ARM.Collect$$libshutdown$$00000000) refers (Special) to libshutdown2.o(.ARM.Collect$$libshutdown$$0000000B) for __rt_lib_shutdown_user_alloc_1
    sys_command.o(.text) refers (Special) to use_no_semi.o(.text) for __I$use$semihosting
    sys_command.o(.text) refers (Special) to indicate_semi.o(.text) for __semihosting_library_function
    defsig_rtmem_outer.o(.text) refers to defsig_rtmem_inner.o(.text) for __rt_SIGRTMEM_inner
    defsig_rtmem_outer.o(.text) refers to defsig_exit.o(.text) for __sig_exit
    defsig_rtmem_formal.o(.text) refers to rt_raise.o(.text) for __rt_raise
    rt_raise.o(.text) refers to __raise.o(.text) for __raise
    rt_raise.o(.text) refers to sys_exit.o(.text) for _sys_exit
    defsig_exit.o(.text) refers to sys_exit.o(.text) for _sys_exit
    defsig_rtmem_inner.o(.text) refers to defsig_general.o(.text) for __default_signal_display
    __raise.o(.text) refers to defsig.o(CL$$defsig) for __default_signal_handler
    defsig_general.o(.text) refers to sys_wrch.o(.text) for _ttywrch
    sys_wrch.o(.text) refers (Special) to use_no_semi.o(.text) for __I$use$semihosting
    sys_wrch.o(.text) refers (Special) to indicate_semi.o(.text) for __semihosting_library_function
    defsig.o(CL$$defsig) refers to defsig_rtmem_inner.o(.text) for __rt_SIGRTMEM_inner
    defsig_abrt_inner.o(.text) refers to defsig_general.o(.text) for __default_signal_display
    defsig_fpe_inner.o(.text) refers to defsig_general.o(.text) for __default_signal_display
    defsig_rtred_inner.o(.text) refers to defsig_general.o(.text) for __default_signal_display
    defsig_stak_inner.o(.text) refers to defsig_general.o(.text) for __default_signal_display
    defsig_pvfn_inner.o(.text) refers to defsig_general.o(.text) for __default_signal_display
    defsig_cppl_inner.o(.text) refers to defsig_general.o(.text) for __default_signal_display
    defsig_segv_inner.o(.text) refers to defsig_general.o(.text) for __default_signal_display
    defsig_other.o(.text) refers to defsig_general.o(.text) for __default_signal_display


==============================================================================

Removing Unused input sections from the image.

    Removing st7735.o(i.Delay1ms), (32 bytes).
    Removing st7735.o(i.Output_Clear), (10 bytes).
    Removing st7735.o(i.Output_Color), (12 bytes).
    Removing st7735.o(i.Output_Init), (16 bytes).
    Removing st7735.o(i.Output_Off), (8 bytes).
    Removing st7735.o(i.Output_On), (8 bytes).
    Removing st7735.o(i.ST7735_Color565), (24 bytes).
    Removing st7735.o(i.ST7735_DrawBitmap), (288 bytes).
    Removing st7735.o(i.ST7735_DrawChar), (268 bytes).
    Removing st7735.o(i.ST7735_DrawCharS), (244 bytes).
    Removing st7735.o(i.ST7735_DrawFastHLine), (124 bytes).
    Removing st7735.o(i.ST7735_DrawFastVLine), (124 bytes).
    Removing st7735.o(i.ST7735_DrawPixel), (72 bytes).
    Removing st7735.o(i.ST7735_DrawString), (86 bytes).
    Removing st7735.o(i.ST7735_FillRect), (172 bytes).
    Removing st7735.o(i.ST7735_FillScreen), (36 bytes).
    Removing st7735.o(i.ST7735_InitB), (40 bytes).
    Removing st7735.o(i.ST7735_InitR), (124 bytes).
    Removing st7735.o(i.ST7735_InvertDisplay), (22 bytes).
    Removing st7735.o(i.ST7735_OutChar), (212 bytes).
    Removing st7735.o(i.ST7735_OutString), (24 bytes).
    Removing st7735.o(i.ST7735_OutUDec), (140 bytes).
    Removing st7735.o(i.ST7735_PlotBar), (88 bytes).
    Removing st7735.o(i.ST7735_PlotClear), (92 bytes).
    Removing st7735.o(i.ST7735_PlotLine), (264 bytes).
    Removing st7735.o(i.ST7735_PlotNext), (32 bytes).
    Removing st7735.o(i.ST7735_PlotNextErase), (64 bytes).
    Removing st7735.o(i.ST7735_PlotPoint), (152 bytes).
    Removing st7735.o(i.ST7735_PlotPoints), (172 bytes).
    Removing st7735.o(i.ST7735_PlotdBfs), (60 bytes).
    Removing st7735.o(i.ST7735_SetCursor), (32 bytes).
    Removing st7735.o(i.ST7735_SetRotation), (212 bytes).
    Removing st7735.o(i.ST7735_SetTextColor), (12 bytes).
    Removing st7735.o(i.ST7735_SwapColor), (18 bytes).
    Removing st7735.o(i.commandList), (86 bytes).
    Removing st7735.o(i.commonInit), (388 bytes).
    Removing st7735.o(i.ferror), (8 bytes).
    Removing st7735.o(i.fgetc), (6 bytes).
    Removing st7735.o(i.fillmessage), (72 bytes).
    Removing st7735.o(i.fputc), (16 bytes).
    Removing st7735.o(i.pushColor), (18 bytes).
    Removing st7735.o(i.setAddrWindow), (116 bytes).
    Removing st7735.o(i.writecommand), (48 bytes).
    Removing st7735.o(i.writedata), (32 bytes).
    Removing st7735.o(.bss), (12 bytes).
    Removing st7735.o(.constdata), (2018 bytes).
    Removing st7735.o(.data), (44 bytes).
    Removing speaker.o(i.Music_ChangeIntrument), (92 bytes).
    Removing speaker.o(i.Music_Pause), (24 bytes).
    Removing speaker.o(i.Music_Play), (24 bytes).
    Removing speaker.o(i.Music_Rewind), (156 bytes).
    Removing speaker.o(i.Speaker_Init), (132 bytes).
    Removing speaker.o(i.getBeatDuration), (20 bytes).
    Removing speaker.o(i.getNoteDuration), (30 bytes).
    Removing speaker.o(i.harmony_handler), (260 bytes).
    Removing speaker.o(i.melody_handler), (300 bytes).
    Removing speaker.o(.constdata), (640 bytes).
    Removing speaker.o(.conststring), (31 bytes).
    Removing speaker.o(.data), (1584 bytes).
    Removing button.o(i.ButtonInit), (12 bytes).
    Removing button.o(i.EdgeInterrupt_Init), (140 bytes).
    Removing button.o(i.PortF_Init), (92 bytes).
    Removing pll.o(i.PLL_Init), (124 bytes).
    Removing timer.o(i.Timer1A_Init), (116 bytes).
    Removing timer.o(i.Timer2A_Init), (128 bytes).
    Removing timer.o(i.Timer3A_Init), (128 bytes).
    Removing motiondetect.o(i.DelayWait1ms), (32 bytes).
    Removing motiondetect.o(i.MotionDetect_Init), (48 bytes).
    Removing motiondetect.o(i.UART_InChar), (24 bytes).
    Removing motiondetect.o(i.UART_Init), (152 bytes).
    Removing motiondetect.o(i.UART_OutChar), (24 bytes).
    Removing motiondetect.o(i.flush), (12 bytes).
    Removing motiondetect.o(i.getVersion), (76 bytes).
    Removing motiondetect.o(i.printBuff), (40 bytes).
    Removing motiondetect.o(i.readResponse), (108 bytes).
    Removing motiondetect.o(i.reset), (28 bytes).
    Removing motiondetect.o(i.sendCommand), (2 bytes).
    Removing motiondetect.o(i.verifyResponse), (52 bytes).
    Removing motiondetect.o(.bss), (101 bytes).
    Removing motiondetect.o(.data), (2 bytes).
    Removing serial.o(i.Serial_InChar), (24 bytes).
    Removing serial.o(i.Serial_Init), (136 bytes).
    Removing serial.o(i.Serial_OutChar), (24 bytes).
    Removing serial.o(i.Serial_OutString), (24 bytes).
    Removing serial.o(i.Serial_OutUDec), (42 bytes).
    Removing microphone.o(i.ADC0_InSeq3), (44 bytes).
    Removing microphone.o(i.ADC0_InitSWTriggerSeq3_Ch11), (248 bytes).
    Removing microphone.o(i.DelayWait1ms), (32 bytes).
    Removing microphone.o(i.Microphone_Init), (24 bytes).
    Removing microphone.o(i.Microphone_Sample), (16 bytes).
    Removing microphone.o(.data), (4 bytes).
    Removing dac.o(i.DAC_Init), (196 bytes).
    Removing dac.o(i.DAC_Out), (28 bytes).
    Removing keypad.o(i.DelayWait10ms), (32 bytes).
    Removing keypad.o(i.PortE_Init), (124 bytes).
    Removing keypad.o(i.ShortWait), (30 bytes).
    Removing keypad.o(i.getPins), (400 bytes).
    Removing keypad.o(i.isPassCode), (24 bytes).
    Removing keypad.o(i.keypadInit), (8 bytes).
    Removing keypad.o(.data), (4 bytes).
    Removing servo.o(i.PWM0A_Duty), (12 bytes).
    Removing servo.o(i.PWM0A_Init), (184 bytes).
    Removing servo.o(i.doorLock), (12 bytes).
    Removing servo.o(i.doorUnlock), (12 bytes).
    Removing servo.o(i.servoInit), (16 bytes).
    Removing timer.o(i.Timer1A_Acknowledge), (12 bytes).
    Removing timer.o(i.Timer2A_Acknowledge), (12 bytes).
    Removing timer.o(i.Timer3A_Acknowledge), (12 bytes).
    Removing timer.o(i.Timer1A_Stop), (20 bytes).
    Removing timer.o(i.Timer1A_Arm), (16 bytes).
    Removing timer.o(i.Timer1A_Disarm), (16 bytes).
    Removing timer.o(i.Timer1A_Period), (12 bytes).
    Removing timer.o(i.Timer2A_Start), (20 bytes).
    Removing timer.o(i.Timer2A_Stop), (20 bytes).
    Removing timer.o(i.Timer2A_Arm), (16 bytes).
    Removing timer.o(i.Timer2A_Disarm), (16 bytes).
    Removing timer.o(i.Timer2A_Period), (12 bytes).
    Removing timer.o(i.Timer3A_Start), (20 bytes).
    Removing timer.o(i.Timer3A_Stop), (20 bytes).
    Removing timer.o(i.Timer3A_Arm), (12 bytes).
    Removing timer.o(i.Timer3A_Disarm), (12 bytes).
    Removing timer.o(i.Timer3A_Period), (12 bytes).

122 unused section(s) (total 12842 bytes) removed from the image.

==============================================================================

Memory Map of the image

  Image Entry point : 0x00000000

  Load Region LR_1 (Base: 0x00000000, Size: 0x000006c4, Max: 0xffffffff, ABSOLUTE)

    Execution Region ER_RO (Base: 0x00000000, Size: 0x000006b0, Max: 0xffffffff, ABSOLUTE)

    Base Addr    Size         Type   Attr      Idx    E Section Name        Object

    0x00000000   0x00000284   Code   RO          653  * RESET               startup.o
    0x00000284   0x00000008   Code   RO          838  * !!!main             c_w.l(__main.o)
    0x0000028c   0x00000002   Code   RO          865    .ARM.Collect$$libinit$$00000000  c_w.l(libinit.o)
    0x0000028e   0x00000000   Code   RO          872    .ARM.Collect$$libinit$$00000002  c_w.l(libinit2.o)
    0x0000028e   0x00000000   Code   RO          875    .ARM.Collect$$libinit$$00000008  c_w.l(libinit2.o)
    0x0000028e   0x00000000   Code   RO          877    .ARM.Collect$$libinit$$0000000A  c_w.l(libinit2.o)
    0x0000028e   0x00000000   Code   RO          879    .ARM.Collect$$libinit$$0000000C  c_w.l(libinit2.o)
    0x0000028e   0x00000000   Code   RO          882    .ARM.Collect$$libinit$$0000000F  c_w.l(libinit2.o)
    0x0000028e   0x00000000   Code   RO          884    .ARM.Collect$$libinit$$00000011  c_w.l(libinit2.o)
    0x0000028e   0x00000000   Code   RO          886    .ARM.Collect$$libinit$$00000013  c_w.l(libinit2.o)
    0x0000028e   0x00000000   Code   RO          888    .ARM.Collect$$libinit$$00000015  c_w.l(libinit2.o)
    0x0000028e   0x00000000   Code   RO          890    .ARM.Collect$$libinit$$00000017  c_w.l(libinit2.o)
    0x0000028e   0x00000000   Code   RO          892    .ARM.Collect$$libinit$$00000019  c_w.l(libinit2.o)
    0x0000028e   0x00000000   Code   RO          894    .ARM.Collect$$libinit$$0000001B  c_w.l(libinit2.o)
    0x0000028e   0x00000000   Code   RO          896    .ARM.Collect$$libinit$$0000001D  c_w.l(libinit2.o)
    0x0000028e   0x00000000   Code   RO          898    .ARM.Collect$$libinit$$0000001F  c_w.l(libinit2.o)
    0x0000028e   0x00000000   Code   RO          900    .ARM.Collect$$libinit$$00000021  c_w.l(libinit2.o)
    0x0000028e   0x00000000   Code   RO          902    .ARM.Collect$$libinit$$00000023  c_w.l(libinit2.o)
    0x0000028e   0x00000008   Code   RO          904    .ARM.Collect$$libinit$$00000025  c_w.l(libinit2.o)
    0x00000296   0x00000000   Code   RO          908    .ARM.Collect$$libinit$$0000002C  c_w.l(libinit2.o)
    0x00000296   0x00000000   Code   RO          910    .ARM.Collect$$libinit$$0000002E  c_w.l(libinit2.o)
    0x00000296   0x00000000   Code   RO          912    .ARM.Collect$$libinit$$00000030  c_w.l(libinit2.o)
    0x00000296   0x00000002   Code   RO          913    .ARM.Collect$$libinit$$00000031  c_w.l(libinit2.o)
    0x00000298   0x00000002   Code   RO          933    .ARM.Collect$$libshutdown$$00000000  c_w.l(libshutdown.o)
    0x0000029a   0x00000000   Code   RO          947    .ARM.Collect$$libshutdown$$00000003  c_w.l(libshutdown2.o)
    0x0000029a   0x00000000   Code   RO          950    .ARM.Collect$$libshutdown$$00000006  c_w.l(libshutdown2.o)
    0x0000029a   0x00000000   Code   RO          953    .ARM.Collect$$libshutdown$$00000009  c_w.l(libshutdown2.o)
    0x0000029a   0x00000000   Code   RO          955    .ARM.Collect$$libshutdown$$0000000B  c_w.l(libshutdown2.o)
    0x0000029a   0x00000000   Code   RO          958    .ARM.Collect$$libshutdown$$0000000E  c_w.l(libshutdown2.o)
    0x0000029a   0x00000002   Code   RO          959    .ARM.Collect$$libshutdown$$0000000F  c_w.l(libshutdown2.o)
    0x0000029c   0x00000000   Code   RO          840    .ARM.Collect$$rtentry$$00000000  c_w.l(rtentry.o)
    0x0000029c   0x00000000   Code   RO          842    .ARM.Collect$$rtentry$$00000002  c_w.l(rtentry2.o)
    0x0000029c   0x00000006   Code   RO          854    .ARM.Collect$$rtentry$$00000004  c_w.l(rtentry4.o)
    0x000002a2   0x00000000   Code   RO          844    .ARM.Collect$$rtentry$$00000009  c_w.l(rtentry2.o)
    0x000002a2   0x00000004   Code   RO          845    .ARM.Collect$$rtentry$$0000000A  c_w.l(rtentry2.o)
    0x000002a6   0x00000000   Code   RO          847    .ARM.Collect$$rtentry$$0000000C  c_w.l(rtentry2.o)
    0x000002a6   0x00000008   Code   RO          848    .ARM.Collect$$rtentry$$0000000D  c_w.l(rtentry2.o)
    0x000002ae   0x00000002   Code   RO          869    .ARM.Collect$$rtexit$$00000000  c_w.l(rtexit.o)
    0x000002b0   0x00000000   Code   RO          915    .ARM.Collect$$rtexit$$00000002  c_w.l(rtexit2.o)
    0x000002b0   0x00000004   Code   RO          916    .ARM.Collect$$rtexit$$00000003  c_w.l(rtexit2.o)
    0x000002b4   0x00000006   Code   RO          917    .ARM.Collect$$rtexit$$00000004  c_w.l(rtexit2.o)
    0x000002ba   0x00000002   PAD
    0x000002bc   0x00000004   Code   RO          921    .emb_text           c_w.l(argv_veneer.o)
    0x000002c0   0x00000030   Code   RO          654    .text               startup.o
    0x000002f0   0x00000006   Code   RO          836    .text               c_w.l(heapauxi.o)
    0x000002f6   0x0000004a   Code   RO          856    .text               c_w.l(sys_stackheap_outer.o)
    0x00000340   0x0000000c   Code   RO          858    .text               c_w.l(exit.o)
    0x0000034c   0x00000008   Code   RO          866    .text               c_w.l(libspace.o)
    0x00000354   0x0000000c   Code   RO          925    .text               c_w.l(sys_exit.o)
    0x00000360   0x0000012e   Code   RO          929    .text               c_w.l(_get_argv_nomalloc.o)
    0x0000048e   0x00000018   Code   RO          934    .text               c_w.l(sys_command.o)
    0x000004a6   0x00000002   Code   RO          936    .text               c_w.l(use_no_semi.o)
    0x000004a8   0x00000000   Code   RO          938    .text               c_w.l(indicate_semi.o)
    0x000004a8   0x00000004   Code   RO          939    .text               c_w.l(hrguard.o)
    0x000004ac   0x0000000e   Code   RO          941    .text               c_w.l(defsig_rtmem_outer.o)
    0x000004ba   0x0000000a   Code   RO          962    .text               c_w.l(defsig_exit.o)
    0x000004c4   0x00000050   Code   RO          964    .text               c_w.l(defsig_rtmem_inner.o)
    0x00000514   0x00000032   Code   RO          968    .text               c_w.l(defsig_general.o)
    0x00000546   0x0000000e   Code   RO          970    .text               c_w.l(sys_wrch.o)
    0x00000554   0x00000050   Code   RO          358    i.GPIOPortF_Handler  button.o
    0x000005a4   0x0000006c   Code   RO          360    i.Timer0A_Handler   button.o
    0x00000610   0x0000004c   Code   RO          361    i.Timer0Arm         button.o
    0x0000065c   0x0000001c   Code   RO          416    i.Timer1A_Handler   timer.o
    0x00000678   0x0000001c   Code   RO          418    i.Timer2A_Handler   timer.o
    0x00000694   0x0000001c   Code   RO          420    i.Timer3A_Handler   timer.o
    0x000006b0   0x00000000   Data   RO          990    Region$$Table       anon$$obj.o


    Execution Region ER_RW (Base: 0x20000000, Size: 0x00000014, Max: 0xffffffff, ABSOLUTE)

    Base Addr    Size         Type   Attr      Idx    E Section Name        Object

    0x20000000   0x00000008   Data   RW          362    .data               button.o
    0x20000008   0x0000000c   Data   RW          422    .data               timer.o


    Execution Region ER_ZI (Base: 0x20000014, Size: 0x00000464, Max: 0xffffffff, ABSOLUTE)

    Base Addr    Size         Type   Attr      Idx    E Section Name        Object

    0x20000014   0x00000060   Zero   RW          867    .bss                c_w.l(libspace.o)
    0x20000074   0x00000004   PAD
    0x20000078   0x00000000   Zero   RW          652    HEAP                startup.o
    0x20000078   0x00000400   Zero   RW          651    STACK               startup.o

