<html>
<body>
<pre>
<h1>µVision Build Log</h1>
<h2>Project:</h2>
C:\Users\Allen Pan\Desktop\EE445L\Lab1\ST7735.uvproj
Project File Date:  09/24/2017

<h2>Output:</h2>
Build target 'ST7735'
compiling fixed.c...
compiling Lab1.c...
linking...
Program Size: Code=3940 RO-data=4324 RW-data=64 ZI-data=1024  
".\ST7735.axf" - 0 Error(s), 0 Warning(s).
Load "C:\\Users\\Allen Pan\\Desktop\\EE445L\\Lab1\\ST7735.axf" 
Connecting: Mode=JTAG, Speed=1000000Hz
Erase Done.
Programming Done.
Verify OK.
</pre>
</body>
</html>
