<html>
<body>
<pre>
<h1>µVision Build Log</h1>
<h2>Project:</h2>
C:\Users\Allen Pan\Desktop\EE445L\Lab2\ADCSWTrigger.uvproj
Project File Date:  09/16/2017

<h2>Output:</h2>
Build target 'ADCSWTrigger'
compiling ADCTestMain.c...
linking...
Program Size: Code=4660 RO-data=2052 RW-data=52 ZI-data=29132  
".\ADCSWTrigger.axf" - 0 Error(s), 0 Warning(s).
Load "C:\\Users\\Allen Pan\\Desktop\\EE445L\\Lab2\\ADCSWTrigger.axf" 
Connecting: Mode=JTAG, Speed=1000000Hz
Erase Done.
Programming Done.
Error: Flash Download failed  -  "Cortex-M4"
Load "C:\\Users\\Allen Pan\\Desktop\\EE445L\\Lab2\\ADCSWTrigger.axf" 
Connecting: Mode=JTAG, Speed=1000000Hz
Erase Done.
Programming Done.
Verify OK.
Load "C:\\Users\\Allen Pan\\Desktop\\EE445L\\Lab2\\ADCSWTrigger.axf" 
Connecting: Mode=JTAG, Speed=1000000Hz
Erase Done.
Programming Failed!
Error: Flash Download failed  -  "Cortex-M4"
Load "C:\\Users\\Allen Pan\\Desktop\\EE445L\\Lab2\\ADCSWTrigger.axf" 
Connecting: Mode=JTAG, Speed=1000000Hz
Connection failed!, error code=&d
Error: Flash Download failed  -  Target DLL has been cancelled
Load "C:\\Users\\Allen Pan\\Desktop\\EE445L\\Lab2\\ADCSWTrigger.axf" 
Connecting: Mode=JTAG, Speed=1000000Hz
Erase Done.
Programming Done.
Verify OK.
