<html>
<body>
<pre>
<h1>µVision Build Log</h1>
<h2>Project:</h2>
C:\Users\Allen Pan\Desktop\EE445L\Lab3\SysTick.uvproj
Project File Date:  09/21/2017

<h2>Output:</h2>
Build target 'SysTick'
compiling Button.c...
linking...
Program Size: Code=11604 RO-data=29012 RW-data=332 ZI-data=1132  
".\SysTick.axf" - 0 Error(s), 0 Warning(s).
Load "C:\\Users\\Allen Pan\\Desktop\\EE445L\\Lab3\\SysTick.axf" 
Connecting: Mode=JTAG, Speed=1000000Hz
Erase Done.
Programming Done.
Verify OK.
g Done.
Verify OK.
fy OK.

Erase Done.
Programming Done.
Verify OK.
