<html>
<body>
<pre>
<h1>µVision Build Log</h1>
<h2>Project:</h2>
C:\Users\Paris\Documents\GitHub\EE445L\Lab3\SysTick.uvproj
Project File Date:  09/25/2017

<h2>Output:</h2>
Rebuild target 'SysTick'
assembling startup.s...
compiling PLL.c...
compiling main.c...
compiling ST7735.c...
compiling TimeManagement.c...
compiling Display.c...
compiling Alarm.c...
compiling Button.c...
compiling SysTick.c...
compiling SysTickTestMain.c...
linking...
Program Size: Code=11648 RO-data=29016 RW-data=340 ZI-data=1132  
".\SysTick.axf" - 0 Error(s), 0 Warning(s).
Load "C:\\Users\\Paris\\Documents\\GitHub\\EE445L\\Lab3\\SysTick.axf" 
Connecting: Mode=JTAG, Speed=1000000Hz
Erase Done.
Programming Done.
Verify OK.
</pre>
</body>
</html>
rget DLL has been cancelled
